Archive member included to satisfy reference by file (symbol)

d:/altem studio/7.0/toolchain/arm/arm-gnu-toolchain/bin/../lib/gcc/arm-none-eabi/6.3.1/thumb/v6-m\libgcc.a(_udivsi3.o)
                              src/ASF/common2/services/delay/sam0/systick_counter.o (__aeabi_uidiv)
d:/altem studio/7.0/toolchain/arm/arm-gnu-toolchain/bin/../lib/gcc/arm-none-eabi/6.3.1/thumb/v6-m\libgcc.a(_divsi3.o)
                              src/ASF/thirdparty/fatfs/fatfs-r0.09/src/ff.o (__aeabi_idiv)
d:/altem studio/7.0/toolchain/arm/arm-gnu-toolchain/bin/../lib/gcc/arm-none-eabi/6.3.1/thumb/v6-m\libgcc.a(_dvmd_tls.o)
                              d:/altem studio/7.0/toolchain/arm/arm-gnu-toolchain/bin/../lib/gcc/arm-none-eabi/6.3.1/thumb/v6-m\libgcc.a(_udivsi3.o) (__aeabi_idiv0)
d:/altem studio/7.0/toolchain/arm/arm-gnu-toolchain/bin/../lib/gcc/arm-none-eabi/6.3.1/thumb/v6-m\libgcc.a(_muldi3.o)
                              src/ASF/sam0/drivers/sercom/sercom.o (__aeabi_lmul)
d:/altem studio/7.0/toolchain/arm/arm-gnu-toolchain/bin/../lib/gcc/arm-none-eabi/6.3.1/thumb/v6-m\libgcc.a(adddf3.o)
                              src/ASF/sam0/drivers/sercom/i2c/i2c_sam0/i2c_master.o (__aeabi_dadd)
d:/altem studio/7.0/toolchain/arm/arm-gnu-toolchain/bin/../lib/gcc/arm-none-eabi/6.3.1/thumb/v6-m\libgcc.a(divdf3.o)
                              src/ASF/sam0/drivers/sercom/i2c/i2c_sam0/i2c_master.o (__aeabi_ddiv)
d:/altem studio/7.0/toolchain/arm/arm-gnu-toolchain/bin/../lib/gcc/arm-none-eabi/6.3.1/thumb/v6-m\libgcc.a(muldf3.o)
                              src/ASF/sam0/drivers/sercom/i2c/i2c_sam0/i2c_master.o (__aeabi_dmul)
d:/altem studio/7.0/toolchain/arm/arm-gnu-toolchain/bin/../lib/gcc/arm-none-eabi/6.3.1/thumb/v6-m\libgcc.a(subdf3.o)
                              src/ASF/sam0/drivers/sercom/i2c/i2c_sam0/i2c_master.o (__aeabi_dsub)
d:/altem studio/7.0/toolchain/arm/arm-gnu-toolchain/bin/../lib/gcc/arm-none-eabi/6.3.1/thumb/v6-m\libgcc.a(fixdfsi.o)
                              src/ASF/sam0/drivers/sercom/i2c/i2c_sam0/i2c_master.o (__aeabi_d2iz)
d:/altem studio/7.0/toolchain/arm/arm-gnu-toolchain/bin/../lib/gcc/arm-none-eabi/6.3.1/thumb/v6-m\libgcc.a(floatunsidf.o)
                              src/ASF/sam0/drivers/sercom/i2c/i2c_sam0/i2c_master.o (__aeabi_ui2d)
d:/altem studio/7.0/toolchain/arm/arm-gnu-toolchain/bin/../lib/gcc/arm-none-eabi/6.3.1/thumb/v6-m\libgcc.a(_clzsi2.o)
                              d:/altem studio/7.0/toolchain/arm/arm-gnu-toolchain/bin/../lib/gcc/arm-none-eabi/6.3.1/thumb/v6-m\libgcc.a(adddf3.o) (__clzsi2)
d:/altem studio/7.0/toolchain/arm/arm-gnu-toolchain/bin/../lib/gcc/arm-none-eabi/6.3.1/../../../../arm-none-eabi/lib/thumb/v6-m\libc_nano.a(lib_a-exit.o)
                              d:/altem studio/7.0/toolchain/arm/arm-gnu-toolchain/bin/../lib/gcc/arm-none-eabi/6.3.1/../../../../arm-none-eabi/lib/thumb/v6-m/crt0.o (exit)
d:/altem studio/7.0/toolchain/arm/arm-gnu-toolchain/bin/../lib/gcc/arm-none-eabi/6.3.1/../../../../arm-none-eabi/lib/thumb/v6-m\libc_nano.a(lib_a-impure.o)
                              d:/altem studio/7.0/toolchain/arm/arm-gnu-toolchain/bin/../lib/gcc/arm-none-eabi/6.3.1/../../../../arm-none-eabi/lib/thumb/v6-m\libc_nano.a(lib_a-exit.o) (_global_impure_ptr)
d:/altem studio/7.0/toolchain/arm/arm-gnu-toolchain/bin/../lib/gcc/arm-none-eabi/6.3.1/../../../../arm-none-eabi/lib/thumb/v6-m\libc_nano.a(lib_a-init.o)
                              d:/altem studio/7.0/toolchain/arm/arm-gnu-toolchain/bin/../lib/gcc/arm-none-eabi/6.3.1/../../../../arm-none-eabi/lib/thumb/v6-m/crt0.o (__libc_init_array)
d:/altem studio/7.0/toolchain/arm/arm-gnu-toolchain/bin/../lib/gcc/arm-none-eabi/6.3.1/../../../../arm-none-eabi/lib/thumb/v6-m\libc_nano.a(lib_a-malloc.o)
                              src/SerialConsole/circular_buffer.o (malloc)
d:/altem studio/7.0/toolchain/arm/arm-gnu-toolchain/bin/../lib/gcc/arm-none-eabi/6.3.1/../../../../arm-none-eabi/lib/thumb/v6-m\libc_nano.a(lib_a-memset.o)
                              d:/altem studio/7.0/toolchain/arm/arm-gnu-toolchain/bin/../lib/gcc/arm-none-eabi/6.3.1/../../../../arm-none-eabi/lib/thumb/v6-m/crt0.o (memset)
d:/altem studio/7.0/toolchain/arm/arm-gnu-toolchain/bin/../lib/gcc/arm-none-eabi/6.3.1/../../../../arm-none-eabi/lib/thumb/v6-m\libc_nano.a(lib_a-nano-freer.o)
                              d:/altem studio/7.0/toolchain/arm/arm-gnu-toolchain/bin/../lib/gcc/arm-none-eabi/6.3.1/../../../../arm-none-eabi/lib/thumb/v6-m\libc_nano.a(lib_a-malloc.o) (_free_r)
d:/altem studio/7.0/toolchain/arm/arm-gnu-toolchain/bin/../lib/gcc/arm-none-eabi/6.3.1/../../../../arm-none-eabi/lib/thumb/v6-m\libc_nano.a(lib_a-nano-mallocr.o)
                              d:/altem studio/7.0/toolchain/arm/arm-gnu-toolchain/bin/../lib/gcc/arm-none-eabi/6.3.1/../../../../arm-none-eabi/lib/thumb/v6-m\libc_nano.a(lib_a-malloc.o) (_malloc_r)
[...]
Memory Configuration

Name             Origin             Length             Attributes
rom              0x00000000         0x00040000         xr
ram              0x20000000         0x00008000         xrw
*default*        0x00000000         0xffffffff

Linker script and memory map

LOAD d:/altem studio/7.0/toolchain/arm/arm-gnu-toolchain/bin/../lib/gcc/arm-none-eabi/6.3.1/thumb/v6-m/crti.o
LOAD d:/altem studio/7.0/toolchain/arm/arm-gnu-toolchain/bin/../lib/gcc/arm-none-eabi/6.3.1/thumb/v6-m/crtbegin.o
LOAD d:/altem studio/7.0/toolchain/arm/arm-gnu-toolchain/bin/../lib/gcc/arm-none-eabi/6.3.1/../../../../arm-none-eabi/lib/thumb/v6-m/crt0.o
LOAD src/ASF/common2/services/delay/sam0/systick_counter.o
LOAD src/Systick/Systick.o
LOAD src/ASF/common/services/crc32/crc32.o
LOAD src/ASF/sam0/boards/board_init.o
LOAD src/ASF/sam0/drivers/dsu/crc32/crc32.o
LOAD src/ASF/sam0/drivers/nvm/nvm.o
LOAD src/ASF/sam0/drivers/pac/pac_sam_d_r_h/pac.o
LOAD src/ASF/sam0/drivers/sercom/i2c/i2c_sam0/i2c_master.o
LOAD src/SD Card/SdCard.o
LOAD src/SerialConsole/circular_buffer.o
LOAD src/SerialConsole/SerialConsole.o
LOAD src/ASF/common2/components/memory/sd_mmc/sd_mmc.o
LOAD src/ASF/common2/components/memory/sd_mmc/sd_mmc_mem.o
LOAD src/ASF/common2/components/memory/sd_mmc/sd_mmc_spi.o
LOAD src/ASF/common/services/storage/ctrl_access/ctrl_access.o
LOAD src/ASF/common/utils/interrupt/interrupt_sam_nvic.o
LOAD src/ASF/sam0/drivers/port/port.o
LOAD src/ASF/sam0/drivers/rtc/rtc_sam_d_r_h/rtc_calendar.o
LOAD src/ASF/sam0/drivers/sercom/sercom.o
LOAD src/ASF/sam0/drivers/sercom/sercom_interrupt.o
LOAD src/ASF/sam0/drivers/sercom/spi/spi.o
LOAD src/ASF/sam0/drivers/sercom/spi/spi_interrupt.o
LOAD src/ASF/sam0/drivers/sercom/usart/usart.o
LOAD src/ASF/sam0/drivers/sercom/usart/usart_interrupt.o
LOAD src/ASF/sam0/drivers/system/clock/clock_samd21_r21_da_ha1/clock.o
LOAD src/ASF/sam0/drivers/system/clock/clock_samd21_r21_da_ha1/gclk.o
LOAD src/ASF/sam0/drivers/system/interrupt/system_interrupt.o
LOAD src/ASF/sam0/drivers/system/pinmux/pinmux.o
LOAD src/ASF/sam0/drivers/system/system.o
LOAD src/ASF/sam0/utils/cmsis/samd21/source/gcc/startup_samd21.o
LOAD src/ASF/sam0/utils/cmsis/samd21/source/system_samd21.o
LOAD src/ASF/sam0/utils/stdio/read.o
LOAD src/ASF/sam0/utils/stdio/write.o
LOAD src/ASF/sam0/utils/syscalls/gcc/syscalls.o
LOAD src/ASF/thirdparty/fatfs/fatfs-port-r0.09/diskio.o
LOAD src/ASF/thirdparty/fatfs/fatfs-port-r0.09/sam0/fattime_rtc.o
LOAD src/ASF/thirdparty/fatfs/fatfs-r0.09/src/ff.o
LOAD src/ASF/thirdparty/fatfs/fatfs-r0.09/src/option/ccsbcs.o
LOAD src/BootMain.o
START GROUP
LOAD ../src/ASF/thirdparty/CMSIS/Lib/GCC\libarm_cortexM0l_math.a
LOAD d:/altem studio/7.0/toolchain/arm/arm-gnu-toolchain/bin/../lib/gcc/arm-none-eabi/6.3.1/../../../../arm-none-eabi/lib/thumb/v6-m\libm.a
END GROUP
                0x00002000                __stack_size__ = 0x2000
START GROUP
LOAD d:/altem studio/7.0/toolchain/arm/arm-gnu-toolchain/bin/../lib/gcc/arm-none-eabi/6.3.1/thumb/v6-m\libgcc.a
LOAD d:/altem studio/7.0/toolchain/arm/arm-gnu-toolchain/bin/../lib/gcc/arm-none-eabi/6.3.1/../../../../arm-none-eabi/lib/thumb/v6-m\libc_nano.a
END GROUP
START GROUP
LOAD d:/altem studio/7.0/toolchain/arm/arm-gnu-toolchain/bin/../lib/gcc/arm-none-eabi/6.3.1/thumb/v6-m\libgcc.a
LOAD d:/altem studio/7.0/toolchain/arm/arm-gnu-toolchain/bin/../lib/gcc/arm-none-eabi/6.3.1/../../../../arm-none-eabi/lib/thumb/v6-m\libc_nano.a
END GROUP
LOAD d:/altem studio/7.0/toolchain/arm/arm-gnu-toolchain/bin/../lib/gcc/arm-none-eabi/6.3.1/thumb/v6-m/crtend.o
LOAD d:/altem studio/7.0/toolchain/arm/arm-gnu-toolchain/bin/../lib/gcc/arm-none-eabi/6.3.1/thumb/v6-m/crtn.o
                0x00002000                STACK_SIZE = DEFINED (STACK_SIZE)?STACK_SIZE:DEFINED (__stack_size__)?__stack_size__:0x2000

.text           0x00000000     0x67e4
                0x00000000                . = ALIGN (0x4)
                0x00000000                _sfixed = .
 *(.vectors .vectors.*)
 .vectors       0x00000000       0xb4 src/ASF/sam0/utils/cmsis/samd21/source/gcc/startup_samd21.o
                0x00000000                exception_table
 *(.text .text.* .gnu.linkonce.t.*)
 .text          0x000000b4       0x60 d:/altem studio/7.0/toolchain/arm/arm-gnu-toolchain/bin/../lib/gcc/arm-none-eabi/6.3.1/thumb/v6-m/crtbegin.o
 .text.delay_init
                0x00000114       0x40 src/ASF/common2/services/delay/sam0/systick_counter.o
                0x00000114                delay_init
 .text.delay_cycles_ms
                0x00000154       0x2c src/ASF/common2/services/delay/sam0/systick_counter.o
                0x00000154                delay_cycles_ms
 .text.GetSystick
                0x00000180        0xc src/Systick/Systick.o
                0x00000180                GetSystick
 .text.SysTick_Handler
                0x0000018c       0x10 src/Systick/Systick.o
                0x0000018c                SysTick_Handler
 .text.system_board_init
                0x0000019c       0x38 src/ASF/sam0/boards/board_init.o
                0x0000019c                board_init
                0x0000019c                system_board_init
 .text.nvm_set_config
                0x000001d4       0x88 src/ASF/sam0/drivers/nvm/nvm.o
                0x000001d4                nvm_set_config
 .text.SdCard_Initiate
                0x0000025c       0x54 src/SD Card/SdCard.o
                0x0000025c                SdCard_Initiate
 .text.advance_pointer
                0x000002b0       0x34 src/SerialConsole/circular_buffer.o
 .text.circular_buf_init
                0x000002e4       0x20 src/SerialConsole/circular_buffer.o
                0x000002e4                circular_buf_init
 .text.circular_buf_put
                0x00000304       0x14 src/SerialConsole/circular_buffer.o
                0x00000304                circular_buf_put
 .text.circular_buf_empty
                0x00000318       0x18 src/SerialConsole/circular_buffer.o
                0x00000318                circular_buf_empty
 .text.circular_buf_get
                0x00000330       0x38 src/SerialConsole/circular_buffer.o
                0x00000330                circular_buf_get
 .text.usart_serial_getchar
                0x00000368       0x2c src/SerialConsole/SerialConsole.o
 .text.usart_serial_putchar
                0x00000394       0x18 src/SerialConsole/SerialConsole.o
 .text.usart_write_callback
                0x000003ac       0x30 src/SerialConsole/SerialConsole.o
                0x000003ac                usart_write_callback
 .text.InitializeSerialConsole
                0x000003dc      0x168 src/SerialConsole/SerialConsole.o
                0x000003dc                InitializeSerialConsole
 .text.DeinitializeSerialConsole
                0x00000544       0x38 src/SerialConsole/SerialConsole.o
                0x00000544                DeinitializeSerialConsole
 .text.SerialConsoleWriteString
                0x0000057c       0x74 src/SerialConsole/SerialConsole.o
                0x0000057c                SerialConsoleWriteString
 .text.usart_read_callback
                0x000005f0       0x54 src/SerialConsole/SerialConsole.o
                0x000005f0                usart_read_callback
 .text.LogMessage
                0x00000644        0x6 src/SerialConsole/SerialConsole.o
                0x00000644                LogMessage
 *fill*         0x0000064a        0x2 
 .text.sd_mmc_configure_slot
                0x0000064c       0x28 src/ASF/common2/components/memory/sd_mmc/sd_mmc.o
 .text.sd_mmc_select_slot
                0x00000674       0x5c src/ASF/common2/components/memory/sd_mmc/sd_mmc.o
 .text.sd_mmc_cmd13
                0x000006d0       0x38 src/ASF/common2/components/memory/sd_mmc/sd_mmc.o
 .text.sd_mmc_cmd9_spi
                0x00000708       0x4c src/ASF/common2/components/memory/sd_mmc/sd_mmc.o
 .text.sd_mmc_deselect_slot
                0x00000754       0x1c src/ASF/common2/components/memory/sd_mmc/sd_mmc.o
 .text.sd_mmc_init
                0x00000770       0x20 src/ASF/common2/components/memory/sd_mmc/sd_mmc.o
                0x00000770                sd_mmc_init
 .text.sd_mmc_check
                0x00000790      0x4b0 src/ASF/common2/components/memory/sd_mmc/sd_mmc.o
                0x00000790                sd_mmc_check
 .text.sd_mmc_get_type
                0x00000c40       0x28 src/ASF/common2/components/memory/sd_mmc/sd_mmc.o
                0x00000c40                sd_mmc_get_type
 .text.sd_mmc_get_capacity
                0x00000c68       0x28 src/ASF/common2/components/memory/sd_mmc/sd_mmc.o
                0x00000c68                sd_mmc_get_capacity
 .text.sd_mmc_is_write_protected
                0x00000c90        0x4 src/ASF/common2/components/memory/sd_mmc/sd_mmc.o
                0x00000c90                sd_mmc_is_write_protected
 .text.sd_mmc_init_read_blocks
                0x00000c94       0x88 src/ASF/common2/components/memory/sd_mmc/sd_mmc.o
                0x00000c94                sd_mmc_init_read_blocks
 .text.sd_mmc_start_read_blocks
                0x00000d1c       0x2c src/ASF/common2/components/memory/sd_mmc/sd_mmc.o
                0x00000d1c                sd_mmc_start_read_blocks
 .text.sd_mmc_wait_end_of_read_blocks
                0x00000d48       0x70 src/ASF/common2/components/memory/sd_mmc/sd_mmc.o
                0x00000d48                sd_mmc_wait_end_of_read_blocks
 .text.sd_mmc_init_write_blocks
                0x00000db8       0x70 src/ASF/common2/components/memory/sd_mmc/sd_mmc.o
                0x00000db8                sd_mmc_init_write_blocks
 .text.sd_mmc_start_write_blocks
                0x00000e28       0x2c src/ASF/common2/components/memory/sd_mmc/sd_mmc.o
                0x00000e28                sd_mmc_start_write_blocks
 .text.sd_mmc_wait_end_of_write_blocks
                0x00000e54       0x50 src/ASF/common2/components/memory/sd_mmc/sd_mmc.o
                0x00000e54                sd_mmc_wait_end_of_write_blocks
 .text.sd_mmc_test_unit_ready
                0x00000ea4       0x50 src/ASF/common2/components/memory/sd_mmc/sd_mmc_mem.o
                0x00000ea4                sd_mmc_test_unit_ready
 .text.sd_mmc_test_unit_ready_0
                0x00000ef4       0x10 src/ASF/common2/components/memory/sd_mmc/sd_mmc_mem.o
                0x00000ef4                sd_mmc_test_unit_ready_0
 .text.sd_mmc_read_capacity
                0x00000f04       0x20 src/ASF/common2/components/memory/sd_mmc/sd_mmc_mem.o
                0x00000f04                sd_mmc_read_capacity
 .text.sd_mmc_read_capacity_0
                0x00000f24       0x10 src/ASF/common2/components/memory/sd_mmc/sd_mmc_mem.o
                0x00000f24                sd_mmc_read_capacity_0
 .text.sd_mmc_wr_protect_0
                0x00000f34       0x10 src/ASF/common2/components/memory/sd_mmc/sd_mmc_mem.o
                0x00000f34                sd_mmc_wr_protect_0
 .text.sd_mmc_mem_2_ram
                0x00000f44       0x44 src/ASF/common2/components/memory/sd_mmc/sd_mmc_mem.o
                0x00000f44                sd_mmc_mem_2_ram
 .text.sd_mmc_mem_2_ram_0
                0x00000f88       0x14 src/ASF/common2/components/memory/sd_mmc/sd_mmc_mem.o
                0x00000f88                sd_mmc_mem_2_ram_0
 .text.sd_mmc_ram_2_mem
                0x00000f9c       0x44 src/ASF/common2/components/memory/sd_mmc/sd_mmc_mem.o
                0x00000f9c                sd_mmc_ram_2_mem
 .text.sd_mmc_ram_2_mem_0
                0x00000fe0       0x14 src/ASF/common2/components/memory/sd_mmc/sd_mmc_mem.o
                0x00000fe0                sd_mmc_ram_2_mem_0
 .text.sd_mmc_spi_start_write_block
                0x00000ff4       0x48 src/ASF/common2/components/memory/sd_mmc/sd_mmc_spi.o
 .text.sd_mmc_spi_wait_busy
                0x0000103c       0x64 src/ASF/common2/components/memory/sd_mmc/sd_mmc_spi.o
 .text.sd_mmc_spi_stop_multiwrite_block
                0x000010a0       0x78 src/ASF/common2/components/memory/sd_mmc/sd_mmc_spi.o
 .text.sd_mmc_spi_start_read_block
                0x00001118       0x6c src/ASF/common2/components/memory/sd_mmc/sd_mmc_spi.o
 .text.sd_mmc_spi_stop_write_block
                0x00001184       0x70 src/ASF/common2/components/memory/sd_mmc/sd_mmc_spi.o
 .text.sd_mmc_deinit
                0x000011f4       0x14 src/ASF/common2/components/memory/sd_mmc/sd_mmc_spi.o
                0x000011f4                sd_mmc_deinit
 .text.sd_mmc_spi_init
                0x00001208      0x100 src/ASF/common2/components/memory/sd_mmc/sd_mmc_spi.o
                0x00001208                sd_mmc_spi_init
 .text.sd_mmc_spi_select_device
                0x00001308       0x54 src/ASF/common2/components/memory/sd_mmc/sd_mmc_spi.o
                0x00001308                sd_mmc_spi_select_device
 .text.sd_mmc_spi_deselect_device
                0x0000135c       0x28 src/ASF/common2/components/memory/sd_mmc/sd_mmc_spi.o
                0x0000135c                sd_mmc_spi_deselect_device
 .text.sd_mmc_spi_send_clock
                0x00001384       0x38 src/ASF/common2/components/memory/sd_mmc/sd_mmc_spi.o
                0x00001384                sd_mmc_spi_send_clock
 .text.sd_mmc_spi_adtc_start
                0x000013bc      0x190 src/ASF/common2/components/memory/sd_mmc/sd_mmc_spi.o
                0x000013bc                sd_mmc_spi_adtc_start
 .text.sd_mmc_spi_send_cmd
                0x0000154c       0x18 src/ASF/common2/components/memory/sd_mmc/sd_mmc_spi.o
                0x0000154c                sd_mmc_spi_send_cmd
 .text.sd_mmc_spi_get_response
                0x00001564        0xc src/ASF/common2/components/memory/sd_mmc/sd_mmc_spi.o
                0x00001564                sd_mmc_spi_get_response
 .text.sd_mmc_spi_read_word
                0x00001570       0x78 src/ASF/common2/components/memory/sd_mmc/sd_mmc_spi.o
                0x00001570                sd_mmc_spi_read_word
 .text.sd_mmc_spi_start_read_blocks
                0x000015e8       0x8c src/ASF/common2/components/memory/sd_mmc/sd_mmc_spi.o
                0x000015e8                sd_mmc_spi_start_read_blocks
 .text.sd_mmc_spi_wait_end_of_read_blocks
                0x00001674        0x4 src/ASF/common2/components/memory/sd_mmc/sd_mmc_spi.o
                0x00001674                sd_mmc_spi_wait_end_of_read_blocks
 .text.sd_mmc_spi_start_write_blocks
                0x00001678       0x80 src/ASF/common2/components/memory/sd_mmc/sd_mmc_spi.o
                0x00001678                sd_mmc_spi_start_write_blocks
 .text.sd_mmc_spi_wait_end_of_write_blocks
                0x000016f8       0x24 src/ASF/common2/components/memory/sd_mmc/sd_mmc_spi.o
                0x000016f8                sd_mmc_spi_wait_end_of_write_blocks
 .text.mem_test_unit_ready
                0x0000171c       0x18 src/ASF/common/services/storage/ctrl_access/ctrl_access.o
                0x0000171c                mem_test_unit_ready
 .text.mem_read_capacity
                0x00001734       0x1c src/ASF/common/services/storage/ctrl_access/ctrl_access.o
                0x00001734                mem_read_capacity
 .text.mem_sector_size
                0x00001750        0x8 src/ASF/common/services/storage/ctrl_access/ctrl_access.o
                0x00001750                mem_sector_size
 .text.mem_wr_protect
                0x00001758       0x18 src/ASF/common/services/storage/ctrl_access/ctrl_access.o
                0x00001758                mem_wr_protect
 .text.memory_2_ram
                0x00001770       0x20 src/ASF/common/services/storage/ctrl_access/ctrl_access.o
                0x00001770                memory_2_ram
 .text.ram_2_memory
                0x00001790       0x20 src/ASF/common/services/storage/ctrl_access/ctrl_access.o
                0x00001790                ram_2_memory
 .text.cpu_irq_enter_critical
                0x000017b0       0x40 src/ASF/common/utils/interrupt/interrupt_sam_nvic.o
                0x000017b0                cpu_irq_enter_critical
 .text.cpu_irq_leave_critical
                0x000017f0       0x30 src/ASF/common/utils/interrupt/interrupt_sam_nvic.o
                0x000017f0                cpu_irq_leave_critical
 .text.port_pin_set_config
                0x00001820       0x24 src/ASF/sam0/drivers/port/port.o
                0x00001820                port_pin_set_config
 .text.rtc_calendar_enable
                0x00001844       0x14 src/ASF/sam0/drivers/rtc/rtc_sam_d_r_h/rtc_calendar.o
                0x00001844                rtc_calendar_enable
 .text.rtc_calendar_disable
                0x00001858       0x1a src/ASF/sam0/drivers/rtc/rtc_sam_d_r_h/rtc_calendar.o
                0x00001858                rtc_calendar_disable
 *fill*         0x00001872        0x2 
 .text.rtc_calendar_reset
                0x00001874       0x24 src/ASF/sam0/drivers/rtc/rtc_sam_d_r_h/rtc_calendar.o
                0x00001874                rtc_calendar_reset
 .text.rtc_calendar_time_to_register_value
                0x00001898       0x3a src/ASF/sam0/drivers/rtc/rtc_sam_d_r_h/rtc_calendar.o
                0x00001898                rtc_calendar_time_to_register_value
 .text.rtc_calendar_register_value_to_time
                0x000018d2       0x3e src/ASF/sam0/drivers/rtc/rtc_sam_d_r_h/rtc_calendar.o
                0x000018d2                rtc_calendar_register_value_to_time
 .text.rtc_calendar_get_time
                0x00001910       0x48 src/ASF/sam0/drivers/rtc/rtc_sam_d_r_h/rtc_calendar.o
                0x00001910                rtc_calendar_get_time
 .text.rtc_calendar_set_alarm
                0x00001958       0x30 src/ASF/sam0/drivers/rtc/rtc_sam_d_r_h/rtc_calendar.o
                0x00001958                rtc_calendar_set_alarm
 .text.rtc_calendar_init
                0x00001988       0x94 src/ASF/sam0/drivers/rtc/rtc_sam_d_r_h/rtc_calendar.o
                0x00001988                rtc_calendar_init
 .text.long_division
                0x00001a1c       0xba src/ASF/sam0/drivers/sercom/sercom.o
 .text._sercom_get_sync_baud_val
                0x00001ad6       0x28 src/ASF/sam0/drivers/sercom/sercom.o
                0x00001ad6                _sercom_get_sync_baud_val
 *fill*         0x00001afe        0x2 
 .text._sercom_get_async_baud_val
                0x00001b00       0x94 src/ASF/sam0/drivers/sercom/sercom.o
                0x00001b00                _sercom_get_async_baud_val
 .text.sercom_set_gclk_generator
                0x00001b94       0x4c src/ASF/sam0/drivers/sercom/sercom.o
                0x00001b94                sercom_set_gclk_generator
 .text._sercom_get_default_pad
                0x00001be0      0x178 src/ASF/sam0/drivers/sercom/sercom.o
                0x00001be0                _sercom_get_default_pad
 .text._sercom_get_sercom_inst_index
                0x00001d58       0x38 src/ASF/sam0/drivers/sercom/sercom.o
                0x00001d58                _sercom_get_sercom_inst_index
 .text._sercom_default_handler
                0x00001d90        0x2 src/ASF/sam0/drivers/sercom/sercom_interrupt.o
 *fill*         0x00001d92        0x2 
 .text._sercom_set_handler
                0x00001d94       0x3c src/ASF/sam0/drivers/sercom/sercom_interrupt.o
                0x00001d94                _sercom_set_handler
 .text._sercom_get_interrupt_vector
                0x00001dd0       0x30 src/ASF/sam0/drivers/sercom/sercom_interrupt.o
                0x00001dd0                _sercom_get_interrupt_vector
 .text.SERCOM0_Handler
                0x00001e00       0x10 src/ASF/sam0/drivers/sercom/sercom_interrupt.o
                0x00001e00                SERCOM0_Handler
 .text.SERCOM1_Handler
                0x00001e10       0x10 src/ASF/sam0/drivers/sercom/sercom_interrupt.o
                0x00001e10                SERCOM1_Handler
 .text.SERCOM2_Handler
                0x00001e20       0x10 src/ASF/sam0/drivers/sercom/sercom_interrupt.o
                0x00001e20                SERCOM2_Handler
 .text.SERCOM3_Handler
                0x00001e30       0x10 src/ASF/sam0/drivers/sercom/sercom_interrupt.o
                0x00001e30                SERCOM3_Handler
 .text.SERCOM4_Handler
                0x00001e40       0x10 src/ASF/sam0/drivers/sercom/sercom_interrupt.o
                0x00001e40                SERCOM4_Handler
 .text.SERCOM5_Handler
                0x00001e50       0x10 src/ASF/sam0/drivers/sercom/sercom_interrupt.o
                0x00001e50                SERCOM5_Handler
 .text.spi_reset
                0x00001e60       0x4c src/ASF/sam0/drivers/sercom/spi/spi.o
                0x00001e60                spi_reset
 .text.spi_set_baudrate
                0x00001eac       0xb8 src/ASF/sam0/drivers/sercom/spi/spi.o
                0x00001eac                spi_set_baudrate
 .text.spi_init
                0x00001f64      0x1d8 src/ASF/sam0/drivers/sercom/spi/spi.o
                0x00001f64                spi_init
 .text.spi_read_buffer_wait
                0x0000213c       0xd4 src/ASF/sam0/drivers/sercom/spi/spi.o
                0x0000213c                spi_read_buffer_wait
 .text.spi_select_slave
                0x00002210       0xf4 src/ASF/sam0/drivers/sercom/spi/spi.o
                0x00002210                spi_select_slave
 .text.spi_write_buffer_wait
                0x00002304       0xcc src/ASF/sam0/drivers/sercom/spi/spi.o
                0x00002304                spi_write_buffer_wait
 .text._spi_interrupt_handler
                0x000023d0      0x1d0 src/ASF/sam0/drivers/sercom/spi/spi_interrupt.o
                0x000023d0                _spi_interrupt_handler
 .text.usart_init
                0x000025a0      0x344 src/ASF/sam0/drivers/sercom/usart/usart.o
                0x000025a0                usart_init
 .text.usart_write_wait
                0x000028e4       0x2c src/ASF/sam0/drivers/sercom/usart/usart.o
                0x000028e4                usart_write_wait
 .text.usart_read_wait
                0x00002910       0x70 src/ASF/sam0/drivers/sercom/usart/usart.o
                0x00002910                usart_read_wait
 .text._usart_write_buffer
                0x00002980       0x3c src/ASF/sam0/drivers/sercom/usart/usart_interrupt.o
                0x00002980                _usart_write_buffer
 .text._usart_read_buffer
                0x000029bc       0x50 src/ASF/sam0/drivers/sercom/usart/usart_interrupt.o
                0x000029bc                _usart_read_buffer
 .text.usart_register_callback
                0x00002a0c       0x18 src/ASF/sam0/drivers/sercom/usart/usart_interrupt.o
                0x00002a0c                usart_register_callback
 .text.usart_write_buffer_job
                0x00002a24       0x20 src/ASF/sam0/drivers/sercom/usart/usart_interrupt.o
                0x00002a24                usart_write_buffer_job
 .text.usart_read_buffer_job
                0x00002a44       0x20 src/ASF/sam0/drivers/sercom/usart/usart_interrupt.o
                0x00002a44                usart_read_buffer_job
 .text.usart_get_job_status
                0x00002a64       0x1c src/ASF/sam0/drivers/sercom/usart/usart_interrupt.o
                0x00002a64                usart_get_job_status
 .text._usart_interrupt_handler
                0x00002a80      0x194 src/ASF/sam0/drivers/sercom/usart/usart_interrupt.o
                0x00002a80                _usart_interrupt_handler
 .text.system_clock_source_get_hz
                0x00002c14       0x94 src/ASF/sam0/drivers/system/clock/clock_samd21_r21_da_ha1/clock.o
                0x00002c14                system_clock_source_get_hz
 .text.system_clock_source_osc8m_set_config
                0x00002ca8       0x3c src/ASF/sam0/drivers/system/clock/clock_samd21_r21_da_ha1/clock.o
                0x00002ca8                system_clock_source_osc8m_set_config
 .text.system_clock_source_xosc32k_set_config
                0x00002ce4       0xb8 src/ASF/sam0/drivers/system/clock/clock_samd21_r21_da_ha1/clock.o
                0x00002ce4                system_clock_source_xosc32k_set_config
 .text.system_clock_source_dfll_set_config
                0x00002d9c       0x80 src/ASF/sam0/drivers/system/clock/clock_samd21_r21_da_ha1/clock.o
                0x00002d9c                system_clock_source_dfll_set_config
 .text.system_clock_source_enable
                0x00002e1c       0xa8 src/ASF/sam0/drivers/system/clock/clock_samd21_r21_da_ha1/clock.o
                0x00002e1c                system_clock_source_enable
 .text.system_clock_init
                0x00002ec4      0x154 src/ASF/sam0/drivers/system/clock/clock_samd21_r21_da_ha1/clock.o
                0x00002ec4                system_clock_init
 .text.system_gclk_init
                0x00003018       0x24 src/ASF/sam0/drivers/system/clock/clock_samd21_r21_da_ha1/gclk.o
                0x00003018                system_gclk_init
 .text.system_gclk_gen_set_config
                0x0000303c       0xb8 src/ASF/sam0/drivers/system/clock/clock_samd21_r21_da_ha1/gclk.o
                0x0000303c                system_gclk_gen_set_config
 .text.system_gclk_gen_enable
                0x000030f4       0x44 src/ASF/sam0/drivers/system/clock/clock_samd21_r21_da_ha1/gclk.o
                0x000030f4                system_gclk_gen_enable
 .text.system_gclk_gen_get_hz
                0x00003138       0x8c src/ASF/sam0/drivers/system/clock/clock_samd21_r21_da_ha1/gclk.o
                0x00003138                system_gclk_gen_get_hz
 .text.system_gclk_chan_enable
                0x000031c4       0x30 src/ASF/sam0/drivers/system/clock/clock_samd21_r21_da_ha1/gclk.o
                0x000031c4                system_gclk_chan_enable
 .text.system_gclk_chan_disable
                0x000031f4       0x5c src/ASF/sam0/drivers/system/clock/clock_samd21_r21_da_ha1/gclk.o
                0x000031f4                system_gclk_chan_disable
 .text.system_gclk_chan_set_config
                0x00003250       0x1c src/ASF/sam0/drivers/system/clock/clock_samd21_r21_da_ha1/gclk.o
                0x00003250                system_gclk_chan_set_config
 .text.system_gclk_chan_get_hz
                0x0000326c       0x34 src/ASF/sam0/drivers/system/clock/clock_samd21_r21_da_ha1/gclk.o
                0x0000326c                system_gclk_chan_get_hz
 .text._system_pinmux_config
                0x000032a0       0xa8 src/ASF/sam0/drivers/system/pinmux/pinmux.o
 .text.system_pinmux_pin_set_config
                0x00003348       0x30 src/ASF/sam0/drivers/system/pinmux/pinmux.o
                0x00003348                system_pinmux_pin_set_config
 .text._system_dummy_init
                0x00003378        0x2 src/ASF/sam0/drivers/system/system.o
                0x00003378                _system_extint_init
                0x00003378                _system_events_init
                0x00003378                _system_dummy_init
                0x00003378                _system_divas_init
 *fill*         0x0000337a        0x2 
 .text.system_init
                0x0000337c       0x2c src/ASF/sam0/drivers/system/system.o
                0x0000337c                system_init
 .text.Dummy_Handler
                0x000033a8        0x2 src/ASF/sam0/utils/cmsis/samd21/source/gcc/startup_samd21.o
                0x000033a8                DMAC_Handler
                0x000033a8                HardFault_Handler
                0x000033a8                AC_Handler
                0x000033a8                PendSV_Handler
                0x000033a8                NMI_Handler
                0x000033a8                ADC_Handler
                0x000033a8                TCC1_Handler
                0x000033a8                TCC0_Handler
                0x000033a8                RTC_Handler
                0x000033a8                EIC_Handler
                0x000033a8                WDT_Handler
                0x000033a8                TC4_Handler
                0x000033a8                USB_Handler
                0x000033a8                TC3_Handler
                0x000033a8                Dummy_Handler
                0x000033a8                PM_Handler
                0x000033a8                SVC_Handler
                0x000033a8                TCC2_Handler
                0x000033a8                EVSYS_Handler
                0x000033a8                I2S_Handler
                0x000033a8                NVMCTRL_Handler
                0x000033a8                DAC_Handler
                0x000033a8                PTC_Handler
                0x000033a8                TC5_Handler
                0x000033a8                SYSCTRL_Handler
 *fill*         0x000033aa        0x2 
 .text.Reset_Handler
                0x000033ac       0xe4 src/ASF/sam0/utils/cmsis/samd21/source/gcc/startup_samd21.o
                0x000033ac                Reset_Handler
 .text._read    0x00003490       0x44 src/ASF/sam0/utils/stdio/read.o
                0x00003490                _read
 .text._write   0x000034d4       0x50 src/ASF/sam0/utils/stdio/write.o
                0x000034d4                _write
 .text._sbrk    0x00003524       0x24 src/ASF/sam0/utils/syscalls/gcc/syscalls.o
                0x00003524                _sbrk
 .text._close   0x00003548        0x6 src/ASF/sam0/utils/syscalls/gcc/syscalls.o
                0x00003548                _close
 .text._fstat   0x0000354e        0xa src/ASF/sam0/utils/syscalls/gcc/syscalls.o
                0x0000354e                _fstat
 .text._lseek   0x00003558        0x4 src/ASF/sam0/utils/syscalls/gcc/syscalls.o
                0x00003558                _lseek
 .text.disk_initialize
                0x0000355c       0x9c src/ASF/thirdparty/fatfs/fatfs-port-r0.09/diskio.o
                0x0000355c                disk_initialize
 .text.disk_status
                0x000035f8       0x1c src/ASF/thirdparty/fatfs/fatfs-port-r0.09/diskio.o
                0x000035f8                disk_status
 .text.disk_read
                0x00003614       0x84 src/ASF/thirdparty/fatfs/fatfs-port-r0.09/diskio.o
                0x00003614                disk_read
 .text.disk_write
                0x00003698       0x84 src/ASF/thirdparty/fatfs/fatfs-port-r0.09/diskio.o
                0x00003698                disk_write
 .text.disk_ioctl
                0x0000371c       0x6c src/ASF/thirdparty/fatfs/fatfs-port-r0.09/diskio.o
                0x0000371c                disk_ioctl
 .text.get_fattime
                0x00003788       0x50 src/ASF/thirdparty/fatfs/fatfs-port-r0.09/sam0/fattime_rtc.o
                0x00003788                get_fattime
 .text.mem_cpy  0x000037d8       0x14 src/ASF/thirdparty/fatfs/fatfs-r0.09/src/ff.o
 .text.mem_set  0x000037ec       0x12 src/ASF/thirdparty/fatfs/fatfs-r0.09/src/ff.o
 .text.clust2sect
                0x000037fe       0x18 src/ASF/thirdparty/fatfs/fatfs-r0.09/src/ff.o
 .text.sum_sfn  0x00003816       0x1c src/ASF/thirdparty/fatfs/fatfs-r0.09/src/ff.o
 *fill*         0x00003832        0x2 
 .text.validate
                0x00003834       0x30 src/ASF/thirdparty/fatfs/fatfs-r0.09/src/ff.o
 .text.check_fs
                0x00003864       0xa4 src/ASF/thirdparty/fatfs/fatfs-r0.09/src/ff.o
 .text.chk_mounted
                0x00003908      0x3b0 src/ASF/thirdparty/fatfs/fatfs-r0.09/src/ff.o
 .text.move_window
                0x00003cb8       0xa0 src/ASF/thirdparty/fatfs/fatfs-r0.09/src/ff.o
 .text.get_fat  0x00003d58       0xfc src/ASF/thirdparty/fatfs/fatfs-r0.09/src/ff.o
 .text.dir_sdi  0x00003e54       0xa8 src/ASF/thirdparty/fatfs/fatfs-r0.09/src/ff.o
 .text.put_fat  0x00003efc      0x138 src/ASF/thirdparty/fatfs/fatfs-r0.09/src/ff.o
 .text.create_chain
                0x00004034       0xc4 src/ASF/thirdparty/fatfs/fatfs-r0.09/src/ff.o
 .text.remove_chain
                0x000040f8       0x78 src/ASF/thirdparty/fatfs/fatfs-r0.09/src/ff.o
 .text.dir_next
                0x00004170      0x124 src/ASF/thirdparty/fatfs/fatfs-r0.09/src/ff.o
 .text.dir_find
                0x00004294      0x198 src/ASF/thirdparty/fatfs/fatfs-r0.09/src/ff.o
 .text.dir_register
                0x0000442c      0x2e4 src/ASF/thirdparty/fatfs/fatfs-r0.09/src/ff.o
 .text.sync     0x00004710       0xf4 src/ASF/thirdparty/fatfs/fatfs-r0.09/src/ff.o
 .text.follow_path
                0x00004804      0x344 src/ASF/thirdparty/fatfs/fatfs-r0.09/src/ff.o
 .text.f_mount  0x00004b48       0x30 src/ASF/thirdparty/fatfs/fatfs-r0.09/src/ff.o
                0x00004b48                f_mount
 .text.f_open   0x00004b78      0x188 src/ASF/thirdparty/fatfs/fatfs-r0.09/src/ff.o
                0x00004b78                f_open
 .text.f_write  0x00004d00      0x238 src/ASF/thirdparty/fatfs/fatfs-r0.09/src/ff.o
                0x00004d00                f_write
 .text.f_sync   0x00004f38       0x8c src/ASF/thirdparty/fatfs/fatfs-r0.09/src/ff.o
                0x00004f38                f_sync
 .text.f_close  0x00004fc4       0x18 src/ASF/thirdparty/fatfs/fatfs-r0.09/src/ff.o
                0x00004fc4                f_close
 .text.f_putc   0x00004fdc       0x2c src/ASF/thirdparty/fatfs/fatfs-r0.09/src/ff.o
                0x00004fdc                f_putc
 .text.f_puts   0x00005008       0x2c src/ASF/thirdparty/fatfs/fatfs-r0.09/src/ff.o
                0x00005008                f_puts
 .text.ff_convert
                0x00005034       0x48 src/ASF/thirdparty/fatfs/fatfs-r0.09/src/option/ccsbcs.o
                0x00005034                ff_convert
 .text.ff_wtoupper
                0x0000507c       0x3c src/ASF/thirdparty/fatfs/fatfs-r0.09/src/option/ccsbcs.o
                0x0000507c                ff_wtoupper
 .text.StartFilesystemAndTest
                0x000050b8      0x1ac src/BootMain.o
 .text.main     0x00005264      0x108 src/BootMain.o
                0x00005264                main
 .text          0x0000536c      0x114 d:/altem studio/7.0/toolchain/arm/arm-gnu-toolchain/bin/../lib/gcc/arm-none-eabi/6.3.1/thumb/v6-m\libgcc.a(_udivsi3.o)
                0x0000536c                __aeabi_uidiv
                0x0000536c                __udivsi3
                0x00005478                __aeabi_uidivmod
 .text          0x00005480      0x1d4 d:/altem studio/7.0/toolchain/arm/arm-gnu-toolchain/bin/../lib/gcc/arm-none-eabi/6.3.1/thumb/v6-m\libgcc.a(_divsi3.o)
                0x00005480                __divsi3
                0x00005480                __aeabi_idiv
                0x0000564c                __aeabi_idivmod
 .text          0x00005654        0x4 d:/altem studio/7.0/toolchain/arm/arm-gnu-toolchain/bin/../lib/gcc/arm-none-eabi/6.3.1/thumb/v6-m\libgcc.a(_dvmd_tls.o)
                0x00005654                __aeabi_idiv0
                0x00005654                __aeabi_ldiv0
 .text          0x00005658       0x54 d:/altem studio/7.0/toolchain/arm/arm-gnu-toolchain/bin/../lib/gcc/arm-none-eabi/6.3.1/thumb/v6-m\libgcc.a(_muldi3.o)
                0x00005658                __muldi3
                0x00005658                __aeabi_lmul
 .text.__libc_init_array
                0x000056ac       0x48 d:/altem studio/7.0/toolchain/arm/arm-gnu-toolchain/bin/../lib/gcc/arm-none-eabi/6.3.1/../../../../arm-none-eabi/lib/thumb/v6-m\libc_nano.a(lib_a-init.o)
                0x000056ac                __libc_init_array
 .text.malloc   0x000056f4       0x14 d:/altem studio/7.0/toolchain/arm/arm-gnu-toolchain/bin/../lib/gcc/arm-none-eabi/6.3.1/../../../../arm-none-eabi/lib/thumb/v6-m\libc_nano.a(lib_a-malloc.o)
                0x000056f4                malloc
 .text.memset   0x00005708       0x10 d:/altem studio/7.0/toolchain/arm/arm-gnu-toolchain/bin/../lib/gcc/arm-none-eabi/6.3.1/../../../../arm-none-eabi/lib/thumb/v6-m\libc_nano.a(lib_a-memset.o)
                0x00005708                memset
 .text._free_r  0x00005718       0x94 d:/altem studio/7.0/toolchain/arm/arm-gnu-toolchain/bin/../lib/gcc/arm-none-eabi/6.3.1/../../../../arm-none-eabi/lib/thumb/v6-m\libc_nano.a(lib_a-nano-freer.o)
                0x00005718                _free_r
 .text._malloc_r
                0x000057ac       0xbc d:/altem studio/7.0/toolchain/arm/arm-gnu-toolchain/bin/../lib/gcc/arm-none-eabi/6.3.1/../../../../arm-none-eabi/lib/thumb/v6-m\libc_nano.a(lib_a-nano-mallocr.o)
                0x000057ac                _malloc_r
 .text._sbrk_r  0x00005868       0x24 d:/altem studio/7.0/toolchain/arm/arm-gnu-toolchain/bin/../lib/gcc/arm-none-eabi/6.3.1/../../../../arm-none-eabi/lib/thumb/v6-m\libc_nano.a(lib_a-sbrkr.o)
                0x00005868                _sbrk_r
 .text.setbuf   0x0000588c       0x12 d:/altem studio/7.0/toolchain/arm/arm-gnu-toolchain/bin/../lib/gcc/arm-none-eabi/6.3.1/../../../../arm-none-eabi/lib/thumb/v6-m\libc_nano.a(lib_a-setbuf.o)
                0x0000588c                setbuf
 *fill*         0x0000589e        0x2 
 .text.setvbuf  0x000058a0      0x158 d:/altem studio/7.0/toolchain/arm/arm-gnu-toolchain/bin/../lib/gcc/arm-none-eabi/6.3.1/../../../../arm-none-eabi/lib/thumb/v6-m\libc_nano.a(lib_a-setvbuf.o)
                0x000058a0                setvbuf
 .text          0x000059f8        0xe d:/altem studio/7.0/toolchain/arm/arm-gnu-toolchain/bin/../lib/gcc/arm-none-eabi/6.3.1/../../../../arm-none-eabi/lib/thumb/v6-m\libc_nano.a(lib_a-strlen.o)
                0x000059f8                strlen
 *fill*         0x00005a06        0x2 
 .text.__sflush_r
                0x00005a08      0x114 d:/altem studio/7.0/toolchain/arm/arm-gnu-toolchain/bin/../lib/gcc/arm-none-eabi/6.3.1/../../../../arm-none-eabi/lib/thumb/v6-m\libc_nano.a(lib_a-fflush.o)
                0x00005a08                __sflush_r
 .text._fflush_r
                0x00005b1c       0x58 d:/altem studio/7.0/toolchain/arm/arm-gnu-toolchain/bin/../lib/gcc/arm-none-eabi/6.3.1/../../../../arm-none-eabi/lib/thumb/v6-m\libc_nano.a(lib_a-fflush.o)
                0x00005b1c                _fflush_r
 .text._cleanup_r
                0x00005b74       0x10 d:/altem studio/7.0/toolchain/arm/arm-gnu-toolchain/bin/../lib/gcc/arm-none-eabi/6.3.1/../../../../arm-none-eabi/lib/thumb/v6-m\libc_nano.a(lib_a-findfp.o)
                0x00005b74                _cleanup_r
 .text.std.isra.0
                0x00005b84       0x48 d:/altem studio/7.0/toolchain/arm/arm-gnu-toolchain/bin/../lib/gcc/arm-none-eabi/6.3.1/../../../../arm-none-eabi/lib/thumb/v6-m\libc_nano.a(lib_a-findfp.o)
 .text.__sfmoreglue
                0x00005bcc       0x2c d:/altem studio/7.0/toolchain/arm/arm-gnu-toolchain/bin/../lib/gcc/arm-none-eabi/6.3.1/../../../../arm-none-eabi/lib/thumb/v6-m\libc_nano.a(lib_a-findfp.o)
                0x00005bcc                __sfmoreglue
 .text.__sinit  0x00005bf8       0x68 d:/altem studio/7.0/toolchain/arm/arm-gnu-toolchain/bin/../lib/gcc/arm-none-eabi/6.3.1/../../../../arm-none-eabi/lib/thumb/v6-m\libc_nano.a(lib_a-findfp.o)
                0x00005bf8                __sinit
 .text.__sfp    0x00005c60       0x80 d:/altem studio/7.0/toolchain/arm/arm-gnu-toolchain/bin/../lib/gcc/arm-none-eabi/6.3.1/../../../../arm-none-eabi/lib/thumb/v6-m\libc_nano.a(lib_a-findfp.o)
                0x00005c60                __sfp
 .text._fwalk_reent
                0x00005ce0       0x42 d:/altem studio/7.0/toolchain/arm/arm-gnu-toolchain/bin/../lib/gcc/arm-none-eabi/6.3.1/../../../../arm-none-eabi/lib/thumb/v6-m\libc_nano.a(lib_a-fwalk.o)
                0x00005ce0                _fwalk_reent
 *fill*         0x00005d22        0x2 
 .text.__swhatbuf_r
                0x00005d24       0x50 d:/altem studio/7.0/toolchain/arm/arm-gnu-toolchain/bin/../lib/gcc/arm-none-eabi/6.3.1/../../../../arm-none-eabi/lib/thumb/v6-m\libc_nano.a(lib_a-makebuf.o)
                0x00005d24                __swhatbuf_r
 .text.__malloc_lock
                0x00005d74        0x2 d:/altem studio/7.0/toolchain/arm/arm-gnu-toolchain/bin/../lib/gcc/arm-none-eabi/6.3.1/../../../../arm-none-eabi/lib/thumb/v6-m\libc_nano.a(lib_a-mlock.o)
                0x00005d74                __malloc_lock
 .text.__malloc_unlock
                0x00005d76        0x2 d:/altem studio/7.0/toolchain/arm/arm-gnu-toolchain/bin/../lib/gcc/arm-none-eabi/6.3.1/../../../../arm-none-eabi/lib/thumb/v6-m\libc_nano.a(lib_a-mlock.o)
                0x00005d76                __malloc_unlock
 .text.__sread  0x00005d78       0x28 d:/altem studio/7.0/toolchain/arm/arm-gnu-toolchain/bin/../lib/gcc/arm-none-eabi/6.3.1/../../../../arm-none-eabi/lib/thumb/v6-m\libc_nano.a(lib_a-stdio.o)
                0x00005d78                __sread
 .text.__swrite
                0x00005da0       0x38 d:/altem studio/7.0/toolchain/arm/arm-gnu-toolchain/bin/../lib/gcc/arm-none-eabi/6.3.1/../../../../arm-none-eabi/lib/thumb/v6-m\libc_nano.a(lib_a-stdio.o)
                0x00005da0                __swrite
 .text.__sseek  0x00005dd8       0x2c d:/altem studio/7.0/toolchain/arm/arm-gnu-toolchain/bin/../lib/gcc/arm-none-eabi/6.3.1/../../../../arm-none-eabi/lib/thumb/v6-m\libc_nano.a(lib_a-stdio.o)
                0x00005dd8                __sseek
 .text.__sclose
                0x00005e04        0xc d:/altem studio/7.0/toolchain/arm/arm-gnu-toolchain/bin/../lib/gcc/arm-none-eabi/6.3.1/../../../../arm-none-eabi/lib/thumb/v6-m\libc_nano.a(lib_a-stdio.o)
                0x00005e04                __sclose
 .text._write_r
                0x00005e10       0x28 d:/altem studio/7.0/toolchain/arm/arm-gnu-toolchain/bin/../lib/gcc/arm-none-eabi/6.3.1/../../../../arm-none-eabi/lib/thumb/v6-m\libc_nano.a(lib_a-writer.o)
                0x00005e10                _write_r
 .text._close_r
                0x00005e38       0x24 d:/altem studio/7.0/toolchain/arm/arm-gnu-toolchain/bin/../lib/gcc/arm-none-eabi/6.3.1/../../../../arm-none-eabi/lib/thumb/v6-m\libc_nano.a(lib_a-closer.o)
                0x00005e38                _close_r
 .text._fstat_r
                0x00005e5c       0x24 d:/altem studio/7.0/toolchain/arm/arm-gnu-toolchain/bin/../lib/gcc/arm-none-eabi/6.3.1/../../../../arm-none-eabi/lib/thumb/v6-m\libc_nano.a(lib_a-fstatr.o)
                0x00005e5c                _fstat_r
 .text._lseek_r
                0x00005e80       0x28 d:/altem studio/7.0/toolchain/arm/arm-gnu-toolchain/bin/../lib/gcc/arm-none-eabi/6.3.1/../../../../arm-none-eabi/lib/thumb/v6-m\libc_nano.a(lib_a-lseekr.o)
                0x00005e80                _lseek_r
 .text._read_r  0x00005ea8       0x28 d:/altem studio/7.0/toolchain/arm/arm-gnu-toolchain/bin/../lib/gcc/arm-none-eabi/6.3.1/../../../../arm-none-eabi/lib/thumb/v6-m\libc_nano.a(lib_a-readr.o)
                0x00005ea8                _read_r
 *(.glue_7t)
 .glue_7t       0x00005ed0        0x0 linker stubs
 *(.glue_7)
 .glue_7        0x00005ed0        0x0 linker stubs
 *(.rodata .rodata* .gnu.linkonce.r.*)
 .rodata.mmc_trans_multipliers
                0x00005ed0       0x40 src/ASF/common2/components/memory/sd_mmc/sd_mmc.o
                0x00005ed0                mmc_trans_multipliers
 .rodata.sd_mmc_trans_units
                0x00005f10       0x1c src/ASF/common2/components/memory/sd_mmc/sd_mmc.o
                0x00005f10                sd_mmc_trans_units
 .rodata.sd_trans_multipliers
                0x00005f2c       0x40 src/ASF/common2/components/memory/sd_mmc/sd_mmc.o
                0x00005f2c                sd_trans_multipliers
 .rodata        0x00005f6c       0x18 src/ASF/sam0/drivers/sercom/sercom.o
 .rodata.system_clock_source_get_hz
                0x00005f84       0x24 src/ASF/sam0/drivers/system/clock/clock_samd21_r21_da_ha1/clock.o
 .rodata.system_clock_source_enable
                0x00005fa8       0x24 src/ASF/sam0/drivers/system/clock/clock_samd21_r21_da_ha1/clock.o
 .rodata.LfnOfs
                0x00005fcc        0xd src/ASF/thirdparty/fatfs/fatfs-r0.09/src/ff.o
 *fill*         0x00005fd9        0x3 
 .rodata.excvt.4558
                0x00005fdc       0x80 src/ASF/thirdparty/fatfs/fatfs-r0.09/src/ff.o
 .rodata.follow_path.str1.4
                0x0000605c       0x13 src/ASF/thirdparty/fatfs/fatfs-r0.09/src/ff.o
 *fill*         0x0000606f        0x1 
 .rodata.Tbl    0x00006070      0x100 src/ASF/thirdparty/fatfs/fatfs-r0.09/src/option/ccsbcs.o
 .rodata.tbl_lower.4308
                0x00006170      0x1e0 src/ASF/thirdparty/fatfs/fatfs-r0.09/src/option/ccsbcs.o
 .rodata.tbl_upper.4309
                0x00006350      0x1e0 src/ASF/thirdparty/fatfs/fatfs-r0.09/src/option/ccsbcs.o
 .rodata.StartFilesystemAndTest.str1.4
                0x00006530      0x150 src/BootMain.o
 .rodata.main.str1.4
                0x00006680       0xe0 src/BootMain.o
                                 0xdd (size before relaxing)
 .rodata._global_impure_ptr
                0x00006760        0x4 d:/altem studio/7.0/toolchain/arm/arm-gnu-toolchain/bin/../lib/gcc/arm-none-eabi/6.3.1/../../../../arm-none-eabi/lib/thumb/v6-m\libc_nano.a(lib_a-impure.o)
                0x00006760                _global_impure_ptr
 .rodata.__sf_fake_stderr
                0x00006764       0x20 d:/altem studio/7.0/toolchain/arm/arm-gnu-toolchain/bin/../lib/gcc/arm-none-eabi/6.3.1/../../../../arm-none-eabi/lib/thumb/v6-m\libc_nano.a(lib_a-findfp.o)
                0x00006764                __sf_fake_stderr
 .rodata.__sf_fake_stdin
                0x00006784       0x20 d:/altem studio/7.0/toolchain/arm/arm-gnu-toolchain/bin/../lib/gcc/arm-none-eabi/6.3.1/../../../../arm-none-eabi/lib/thumb/v6-m\libc_nano.a(lib_a-findfp.o)
                0x00006784                __sf_fake_stdin
 .rodata.__sf_fake_stdout
                0x000067a4       0x20 d:/altem studio/7.0/toolchain/arm/arm-gnu-toolchain/bin/../lib/gcc/arm-none-eabi/6.3.1/../../../../arm-none-eabi/lib/thumb/v6-m\libc_nano.a(lib_a-findfp.o)
                0x000067a4                __sf_fake_stdout
 *(.ARM.extab* .gnu.linkonce.armextab.*)
                0x000067c4                . = ALIGN (0x4)
 *(.init)
 .init          0x000067c4        0x4 d:/altem studio/7.0/toolchain/arm/arm-gnu-toolchain/bin/../lib/gcc/arm-none-eabi/6.3.1/thumb/v6-m/crti.o
                0x000067c4                _init
 .init          0x000067c8        0x8 d:/altem studio/7.0/toolchain/arm/arm-gnu-toolchain/bin/../lib/gcc/arm-none-eabi/6.3.1/thumb/v6-m/crtn.o
                0x000067d0                . = ALIGN (0x4)
                0x000067d0                __preinit_array_start = .
 *(.preinit_array)
                0x000067d0                __preinit_array_end = .
                0x000067d0                . = ALIGN (0x4)
                0x000067d0                __init_array_start = .
 *(SORT(.init_array.*))
 *(.init_array)
 .init_array    0x000067d0        0x4 d:/altem studio/7.0/toolchain/arm/arm-gnu-toolchain/bin/../lib/gcc/arm-none-eabi/6.3.1/thumb/v6-m/crtbegin.o
                0x000067d4                __init_array_end = .
                0x000067d4                . = ALIGN (0x4)
 *crtbegin.o(.ctors)
 *(EXCLUDE_FILE(*crtend.o) .ctors)
 *(SORT(.ctors.*))
 *crtend.o(.ctors)
                0x000067d4                . = ALIGN (0x4)
 *(.fini)
 .fini          0x000067d4        0x4 d:/altem studio/7.0/toolchain/arm/arm-gnu-toolchain/bin/../lib/gcc/arm-none-eabi/6.3.1/thumb/v6-m/crti.o
                0x000067d4                _fini
 .fini          0x000067d8        0x8 d:/altem studio/7.0/toolchain/arm/arm-gnu-toolchain/bin/../lib/gcc/arm-none-eabi/6.3.1/thumb/v6-m/crtn.o
                0x000067e0                . = ALIGN (0x4)
                0x000067e0                __fini_array_start = .
 *(.fini_array)
 .fini_array    0x000067e0        0x4 d:/altem studio/7.0/toolchain/arm/arm-gnu-toolchain/bin/../lib/gcc/arm-none-eabi/6.3.1/thumb/v6-m/crtbegin.o
 *(SORT(.fini_array.*))
                0x000067e4                __fini_array_end = .
 *crtbegin.o(.dtors)
 *(EXCLUDE_FILE(*crtend.o) .dtors)
 *(SORT(.dtors.*))
 *crtend.o(.dtors)
                0x000067e4                . = ALIGN (0x4)
                0x000067e4                _efixed = .
                [!provide]                PROVIDE (__exidx_start, .)

.vfp11_veneer   0x000067e4        0x0
 .vfp11_veneer  0x000067e4        0x0 linker stubs

.v4_bx          0x000067e4        0x0
 .v4_bx         0x000067e4        0x0 linker stubs

.iplt           0x000067e4        0x0
 .iplt          0x000067e4        0x0 d:/altem studio/7.0/toolchain/arm/arm-gnu-toolchain/bin/../lib/gcc/arm-none-eabi/6.3.1/thumb/v6-m/crtbegin.o

.eh_frame       0x000067e4        0x0
 .eh_frame      0x000067e4        0x0 d:/altem studio/7.0/toolchain/arm/arm-gnu-toolchain/bin/../lib/gcc/arm-none-eabi/6.3.1/thumb/v6-m/crtbegin.o

.rel.dyn        0x000067e4        0x0
 .rel.iplt      0x000067e4        0x0 d:/altem studio/7.0/toolchain/arm/arm-gnu-toolchain/bin/../lib/gcc/arm-none-eabi/6.3.1/thumb/v6-m/crtbegin.o

.jcr            0x000067e4        0x0
 .jcr           0x000067e4        0x0 d:/altem studio/7.0/toolchain/arm/arm-gnu-toolchain/bin/../lib/gcc/arm-none-eabi/6.3.1/thumb/v6-m/crtbegin.o

.igot.plt       0x000067e4        0x0
 .igot.plt      0x000067e4        0x0 d:/altem studio/7.0/toolchain/arm/arm-gnu-toolchain/bin/../lib/gcc/arm-none-eabi/6.3.1/thumb/v6-m/crtbegin.o

.ARM.exidx
 *(.ARM.exidx* .gnu.linkonce.armexidx.*)
                [!provide]                PROVIDE (__exidx_end, .)
                0x000067e4                . = ALIGN (0x4)
                0x000067e4                _etext = .

.relocate       0x20000000       0x94 load address 0x000067e4
                0x20000000                . = ALIGN (0x4)
                0x20000000                _srelocate = .
 *(.ramfunc .ramfunc.*)
 *(.data .data.*)
 .data.cycles_per_ms
                0x20000000        0x4 src/ASF/common2/services/delay/sam0/systick_counter.o
 .data.cycles_per_us
                0x20000004        0x4 src/ASF/common2/services/delay/sam0/systick_counter.o
 .data.ss_pins  0x20000008        0x1 src/ASF/common2/components/memory/sd_mmc/sd_mmc_spi.o
                0x20000008                ss_pins
 .data.g_interrupt_enabled
                0x20000009        0x1 src/ASF/common/utils/interrupt/interrupt_sam_nvic.o
                0x20000009                g_interrupt_enabled
 *fill*         0x2000000a        0x2 
 .data.test_bin_file
                0x2000000c       0x10 src/BootMain.o
                0x2000000c                test_bin_file
 .data.test_file_name
                0x2000001c       0x12 src/BootMain.o
                0x2000001c                test_file_name
 *fill*         0x2000002e        0x2 
 .data._impure_ptr
                0x20000030        0x4 d:/altem studio/7.0/toolchain/arm/arm-gnu-toolchain/bin/../lib/gcc/arm-none-eabi/6.3.1/../../../../arm-none-eabi/lib/thumb/v6-m\libc_nano.a(lib_a-impure.o)
                0x20000030                _impure_ptr
 .data.impure_data
                0x20000034       0x60 d:/altem studio/7.0/toolchain/arm/arm-gnu-toolchain/bin/../lib/gcc/arm-none-eabi/6.3.1/../../../../arm-none-eabi/lib/thumb/v6-m\libc_nano.a(lib_a-impure.o)
                0x20000094                . = ALIGN (0x4)
                0x20000094                _erelocate = .

.bss            0x20000094      0xc20 load address 0x00006878
                0x20000094                . = ALIGN (0x4)
                0x20000094                _sbss = .
                0x20000094                _szero = .
 *(.bss .bss.*)
 .bss           0x20000094       0x1c d:/altem studio/7.0/toolchain/arm/arm-gnu-toolchain/bin/../lib/gcc/arm-none-eabi/6.3.1/thumb/v6-m/crtbegin.o
 .bss.ul_tickcount
                0x200000b0        0x4 src/Systick/Systick.o
 .bss._nvm_dev  0x200000b4        0x6 src/ASF/sam0/drivers/nvm/nvm.o
 *fill*         0x200000ba        0x2 
 .bss.sd_mmc_card
                0x200000bc        0x4 src/ASF/common2/components/memory/sd_mmc/sd_mmc.o
 .bss.sd_mmc_cards
                0x200000c0       0x20 src/ASF/common2/components/memory/sd_mmc/sd_mmc.o
 .bss.sd_mmc_nb_block_remaining
                0x200000e0        0x2 src/ASF/common2/components/memory/sd_mmc/sd_mmc.o
 .bss.sd_mmc_nb_block_to_tranfer
                0x200000e2        0x2 src/ASF/common2/components/memory/sd_mmc/sd_mmc.o
 .bss.sd_mmc_slot_sel
                0x200000e4        0x1 src/ASF/common2/components/memory/sd_mmc/sd_mmc.o
 *fill*         0x200000e5        0x3 
 .bss.sd_mmc_ejected
                0x200000e8        0x2 src/ASF/common2/components/memory/sd_mmc/sd_mmc_mem.o
 *fill*         0x200000ea        0x2 
 .bss.sd_mmc_master
                0x200000ec       0x3c src/ASF/common2/components/memory/sd_mmc/sd_mmc_spi.o
 .bss.sd_mmc_spi_block_size
                0x20000128        0x2 src/ASF/common2/components/memory/sd_mmc/sd_mmc_spi.o
 *fill*         0x2000012a        0x2 
 .bss.sd_mmc_spi_devices
                0x2000012c        0x3 src/ASF/common2/components/memory/sd_mmc/sd_mmc_spi.o
 .bss.sd_mmc_spi_err
                0x2000012f        0x1 src/ASF/common2/components/memory/sd_mmc/sd_mmc_spi.o
 .bss.sd_mmc_spi_nb_block
                0x20000130        0x2 src/ASF/common2/components/memory/sd_mmc/sd_mmc_spi.o
 *fill*         0x20000132        0x2 
 .bss.sd_mmc_spi_response_32
                0x20000134        0x4 src/ASF/common2/components/memory/sd_mmc/sd_mmc_spi.o
 .bss.sd_mmc_spi_transfert_pos
                0x20000138        0x4 src/ASF/common2/components/memory/sd_mmc/sd_mmc_spi.o
 .bss.slave_configs
                0x2000013c        0x3 src/ASF/common2/components/memory/sd_mmc/sd_mmc_spi.o
 *fill*         0x2000013f        0x1 
 .bss.cpu_irq_critical_section_counter
                0x20000140        0x4 src/ASF/common/utils/interrupt/interrupt_sam_nvic.o
 .bss.cpu_irq_prev_interrupt_state
                0x20000144        0x1 src/ASF/common/utils/interrupt/interrupt_sam_nvic.o
 *fill*         0x20000145        0x3 
 .bss._sercom_config
                0x20000148        0x2 src/ASF/sam0/drivers/sercom/sercom.o
 .bss._handler_table_initialized
                0x2000014a        0x1 src/ASF/sam0/drivers/sercom/sercom_interrupt.o
 *fill*         0x2000014b        0x1 
 .bss._sercom_interrupt_handlers
                0x2000014c       0x18 src/ASF/sam0/drivers/sercom/sercom_interrupt.o
 .bss._system_clock_inst
                0x20000164       0x18 src/ASF/sam0/drivers/system/clock/clock_samd21_r21_da_ha1/clock.o
 .bss.heap.5296
                0x2000017c        0x4 src/ASF/sam0/utils/syscalls/gcc/syscalls.o
 .bss.FatFs     0x20000180       0x20 src/ASF/thirdparty/fatfs/fatfs-r0.09/src/ff.o
 .bss.Fsid      0x200001a0        0x2 src/ASF/thirdparty/fatfs/fatfs-r0.09/src/ff.o
 *fill*         0x200001a2        0x2 
 .bss.__malloc_free_list
                0x200001a4        0x4 d:/altem studio/7.0/toolchain/arm/arm-gnu-toolchain/bin/../lib/gcc/arm-none-eabi/6.3.1/../../../../arm-none-eabi/lib/thumb/v6-m\libc_nano.a(lib_a-nano-mallocr.o)
                0x200001a4                __malloc_free_list
 .bss.__malloc_sbrk_start
                0x200001a8        0x4 d:/altem studio/7.0/toolchain/arm/arm-gnu-toolchain/bin/../lib/gcc/arm-none-eabi/6.3.1/../../../../arm-none-eabi/lib/thumb/v6-m\libc_nano.a(lib_a-nano-mallocr.o)
                0x200001a8                __malloc_sbrk_start
 *(COMMON)
 COMMON         0x200001ac      0x844 src/SerialConsole/SerialConsole.o
                0x200001ac                usart_instance
                0x200001e0                cbufRx
                0x200001e4                latestRx
                0x200001e8                txCharacterBuffer
                0x200005e8                rxCharacterBuffer
                0x200009e8                latestTx
                0x200009ec                cbufTx
 COMMON         0x200009f0        0x4 src/ASF/sam0/drivers/rtc/rtc_sam_d_r_h/rtc_calendar.o
                0x200009f0                _rtc_instance
 COMMON         0x200009f4       0x18 src/ASF/sam0/drivers/sercom/sercom_interrupt.o
                0x200009f4                _sercom_instances
 COMMON         0x20000a0c        0x2 src/ASF/sam0/drivers/sercom/spi/spi_interrupt.o
                0x20000a0c                dummy_write
 *fill*         0x20000a0e        0x2 
 COMMON         0x20000a10        0x4 src/ASF/sam0/utils/stdio/read.o
                0x20000a10                ptr_get
 COMMON         0x20000a14        0x8 src/ASF/sam0/utils/stdio/write.o
                0x20000a14                ptr_put
                0x20000a18                stdio_base
 COMMON         0x20000a1c        0x8 src/ASF/thirdparty/fatfs/fatfs-port-r0.09/diskio.o
                0x20000a1c                rtc_instance
 COMMON         0x20000a24      0x28a src/BootMain.o
                0x20000a24                fs
                0x20000c54                file_object
                0x20000c78                cdc_uart_module
                0x20000cac                res
                0x20000cad                status
 *fill*         0x20000cae        0x2 
 COMMON         0x20000cb0        0x4 d:/altem studio/7.0/toolchain/arm/arm-gnu-toolchain/bin/../lib/gcc/arm-none-eabi/6.3.1/../../../../arm-none-eabi/lib/thumb/v6-m\libc_nano.a(lib_a-reent.o)
                0x20000cb0                errno
                0x20000cb4                . = ALIGN (0x4)
                0x20000cb4                _ebss = .
                0x20000cb4                _ezero = .

.stack          0x20000cb4     0x2004 load address 0x00007498
                0x20000cb8                . = ALIGN (0x8)
 *fill*         0x20000cb4        0x4 
                0x20000cb8                _sstack = .
                0x20002cb8                . = (. + STACK_SIZE)
 *fill*         0x20000cb8     0x2000 
                0x20002cb8                . = ALIGN (0x8)
                0x20002cb8                _estack = .
                0x20002cb8                . = ALIGN (0x4)
                0x20002cb8                _end = .
OUTPUT(ESE516 BOOTLOADER.elf elf32-littlearm)

.ARM.attributes
                0x00000000       0x28
 .ARM.attributes
                0x00000000       0x1e d:/altem studio/7.0/toolchain/arm/arm-gnu-toolchain/bin/../lib/gcc/arm-none-eabi/6.3.1/thumb/v6-m/crti.o
 .ARM.attributes
                0x0000001e       0x2c d:/altem studio/7.0/toolchain/arm/arm-gnu-toolchain/bin/../lib/gcc/arm-none-eabi/6.3.1/thumb/v6-m/crtbegin.o
 .ARM.attributes
                0x0000004a       0x32 src/ASF/common2/services/delay/sam0/systick_counter.o
 .ARM.attributes
                0x0000007c       0x32 src/Systick/Systick.o
 .ARM.attributes
                0x000000ae       0x32 src/ASF/sam0/boards/board_init.o
 .ARM.attributes
                0x000000e0       0x32 src/ASF/sam0/drivers/nvm/nvm.o
 .ARM.attributes
                0x00000112       0x32 src/SD Card/SdCard.o
 .ARM.attributes
                0x00000144       0x32 src/SerialConsole/circular_buffer.o
 .ARM.attributes
                0x00000176       0x32 src/SerialConsole/SerialConsole.o
 .ARM.attributes
                0x000001a8       0x32 src/ASF/common2/components/memory/sd_mmc/sd_mmc.o
 .ARM.attributes
                0x000001da       0x32 src/ASF/common2/components/memory/sd_mmc/sd_mmc_mem.o
 .ARM.attributes
                0x0000020c       0x32 src/ASF/common2/components/memory/sd_mmc/sd_mmc_spi.o
 .ARM.attributes
                0x0000023e       0x32 src/ASF/common/services/storage/ctrl_access/ctrl_access.o
 .ARM.attributes
                0x00000270       0x32 src/ASF/common/utils/interrupt/interrupt_sam_nvic.o
 .ARM.attributes
                0x000002a2       0x32 src/ASF/sam0/drivers/port/port.o
 .ARM.attributes
                0x000002d4       0x32 src/ASF/sam0/drivers/rtc/rtc_sam_d_r_h/rtc_calendar.o
 .ARM.attributes
                0x00000306       0x32 src/ASF/sam0/drivers/sercom/sercom.o
 .ARM.attributes
                0x00000338       0x32 src/ASF/sam0/drivers/sercom/sercom_interrupt.o
 .ARM.attributes
                0x0000036a       0x32 src/ASF/sam0/drivers/sercom/spi/spi.o
 .ARM.attributes
                0x0000039c       0x32 src/ASF/sam0/drivers/sercom/spi/spi_interrupt.o
 .ARM.attributes
                0x000003ce       0x32 src/ASF/sam0/drivers/sercom/usart/usart.o
 .ARM.attributes
                0x00000400       0x32 src/ASF/sam0/drivers/sercom/usart/usart_interrupt.o
 .ARM.attributes
                0x00000432       0x32 src/ASF/sam0/drivers/system/clock/clock_samd21_r21_da_ha1/clock.o
 .ARM.attributes
                0x00000464       0x32 src/ASF/sam0/drivers/system/clock/clock_samd21_r21_da_ha1/gclk.o
 .ARM.attributes
                0x00000496       0x32 src/ASF/sam0/drivers/system/pinmux/pinmux.o
 .ARM.attributes
                0x000004c8       0x32 src/ASF/sam0/drivers/system/system.o
 .ARM.attributes
                0x000004fa       0x32 src/ASF/sam0/utils/cmsis/samd21/source/gcc/startup_samd21.o
 .ARM.attributes
                0x0000052c       0x32 src/ASF/sam0/utils/stdio/read.o
 .ARM.attributes
                0x0000055e       0x32 src/ASF/sam0/utils/stdio/write.o
 .ARM.attributes
                0x00000590       0x32 src/ASF/sam0/utils/syscalls/gcc/syscalls.o
 .ARM.attributes
                0x000005c2       0x32 src/ASF/thirdparty/fatfs/fatfs-port-r0.09/diskio.o
 .ARM.attributes
                0x000005f4       0x32 src/ASF/thirdparty/fatfs/fatfs-port-r0.09/sam0/fattime_rtc.o
 .ARM.attributes
                0x00000626       0x32 src/ASF/thirdparty/fatfs/fatfs-r0.09/src/ff.o
 .ARM.attributes
                0x00000658       0x32 src/ASF/thirdparty/fatfs/fatfs-r0.09/src/option/ccsbcs.o
 .ARM.attributes
                0x0000068a       0x32 src/BootMain.o
 .ARM.attributes
                0x000006bc       0x1e d:/altem studio/7.0/toolchain/arm/arm-gnu-toolchain/bin/../lib/gcc/arm-none-eabi/6.3.1/thumb/v6-m\libgcc.a(_udivsi3.o)
 .ARM.attributes
                0x000006da       0x1e d:/altem studio/7.0/toolchain/arm/arm-gnu-toolchain/bin/../lib/gcc/arm-none-eabi/6.3.1/thumb/v6-m\libgcc.a(_divsi3.o)
 .ARM.attributes
                0x000006f8       0x1e d:/altem studio/7.0/toolchain/arm/arm-gnu-toolchain/bin/../lib/gcc/arm-none-eabi/6.3.1/thumb/v6-m\libgcc.a(_dvmd_tls.o)
 .ARM.attributes
                0x00000716       0x2c d:/altem studio/7.0/toolchain/arm/arm-gnu-toolchain/bin/../lib/gcc/arm-none-eabi/6.3.1/thumb/v6-m\libgcc.a(_muldi3.o)
 .ARM.attributes
                0x00000742       0x2c d:/altem studio/7.0/toolchain/arm/arm-gnu-toolchain/bin/../lib/gcc/arm-none-eabi/6.3.1/../../../../arm-none-eabi/lib/thumb/v6-m\libc_nano.a(lib_a-impure.o)
 .ARM.attributes
                0x0000076e       0x2c d:/altem studio/7.0/toolchain/arm/arm-gnu-toolchain/bin/../lib/gcc/arm-none-eabi/6.3.1/../../../../arm-none-eabi/lib/thumb/v6-m\libc_nano.a(lib_a-init.o)
 .ARM.attributes
                0x0000079a       0x2c d:/altem studio/7.0/toolchain/arm/arm-gnu-toolchain/bin/../lib/gcc/arm-none-eabi/6.3.1/../../../../arm-none-eabi/lib/thumb/v6-m\libc_nano.a(lib_a-malloc.o)
 .ARM.attributes
                0x000007c6       0x2c d:/altem studio/7.0/toolchain/arm/arm-gnu-toolchain/bin/../lib/gcc/arm-none-eabi/6.3.1/../../../../arm-none-eabi/lib/thumb/v6-m\libc_nano.a(lib_a-memset.o)
 .ARM.attributes
                0x000007f2       0x2c d:/altem studio/7.0/toolchain/arm/arm-gnu-toolchain/bin/../lib/gcc/arm-none-eabi/6.3.1/../../../../arm-none-eabi/lib/thumb/v6-m\libc_nano.a(lib_a-nano-freer.o)
 .ARM.attributes
                0x0000081e       0x2c d:/altem studio/7.0/toolchain/arm/arm-gnu-toolchain/bin/../lib/gcc/arm-none-eabi/6.3.1/../../../../arm-none-eabi/lib/thumb/v6-m\libc_nano.a(lib_a-nano-mallocr.o)
 .ARM.attributes
                0x0000084a       0x2c d:/altem studio/7.0/toolchain/arm/arm-gnu-toolchain/bin/../lib/gcc/arm-none-eabi/6.3.1/../../../../arm-none-eabi/lib/thumb/v6-m\libc_nano.a(lib_a-sbrkr.o)
 .ARM.attributes
                0x00000876       0x2c d:/altem studio/7.0/toolchain/arm/arm-gnu-toolchain/bin/../lib/gcc/arm-none-eabi/6.3.1/../../../../arm-none-eabi/lib/thumb/v6-m\libc_nano.a(lib_a-setbuf.o)
 .ARM.attributes
                0x000008a2       0x2c d:/altem studio/7.0/toolchain/arm/arm-gnu-toolchain/bin/../lib/gcc/arm-none-eabi/6.3.1/../../../../arm-none-eabi/lib/thumb/v6-m\libc_nano.a(lib_a-setvbuf.o)
 .ARM.attributes
                0x000008ce       0x1c d:/altem studio/7.0/toolchain/arm/arm-gnu-toolchain/bin/../lib/gcc/arm-none-eabi/6.3.1/../../../../arm-none-eabi/lib/thumb/v6-m\libc_nano.a(lib_a-strlen.o)
 .ARM.attributes
                0x000008ea       0x2c d:/altem studio/7.0/toolchain/arm/arm-gnu-toolchain/bin/../lib/gcc/arm-none-eabi/6.3.1/../../../../arm-none-eabi/lib/thumb/v6-m\libc_nano.a(lib_a-fflush.o)
 .ARM.attributes
                0x00000916       0x2c d:/altem studio/7.0/toolchain/arm/arm-gnu-toolchain/bin/../lib/gcc/arm-none-eabi/6.3.1/../../../../arm-none-eabi/lib/thumb/v6-m\libc_nano.a(lib_a-findfp.o)
 .ARM.attributes
                0x00000942       0x2c d:/altem studio/7.0/toolchain/arm/arm-gnu-toolchain/bin/../lib/gcc/arm-none-eabi/6.3.1/../../../../arm-none-eabi/lib/thumb/v6-m\libc_nano.a(lib_a-fwalk.o)
 .ARM.attributes
                0x0000096e       0x2c d:/altem studio/7.0/toolchain/arm/arm-gnu-toolchain/bin/../lib/gcc/arm-none-eabi/6.3.1/../../../../arm-none-eabi/lib/thumb/v6-m\libc_nano.a(lib_a-makebuf.o)
 .ARM.attributes
                0x0000099a       0x2c d:/altem studio/7.0/toolchain/arm/arm-gnu-toolchain/bin/../lib/gcc/arm-none-eabi/6.3.1/../../../../arm-none-eabi/lib/thumb/v6-m\libc_nano.a(lib_a-mlock.o)
 .ARM.attributes
                0x000009c6       0x2c d:/altem studio/7.0/toolchain/arm/arm-gnu-toolchain/bin/../lib/gcc/arm-none-eabi/6.3.1/../../../../arm-none-eabi/lib/thumb/v6-m\libc_nano.a(lib_a-reent.o)
 .ARM.attributes
                0x000009f2       0x2c d:/altem studio/7.0/toolchain/arm/arm-gnu-toolchain/bin/../lib/gcc/arm-none-eabi/6.3.1/../../../../arm-none-eabi/lib/thumb/v6-m\libc_nano.a(lib_a-stdio.o)
 .ARM.attributes
                0x00000a1e       0x2c d:/altem studio/7.0/toolchain/arm/arm-gnu-toolchain/bin/../lib/gcc/arm-none-eabi/6.3.1/../../../../arm-none-eabi/lib/thumb/v6-m\libc_nano.a(lib_a-writer.o)
 .ARM.attributes
                0x00000a4a       0x2c d:/altem studio/7.0/toolchain/arm/arm-gnu-toolchain/bin/../lib/gcc/arm-none-eabi/6.3.1/../../../../arm-none-eabi/lib/thumb/v6-m\libc_nano.a(lib_a-closer.o)
 .ARM.attributes
                0x00000a76       0x2c d:/altem studio/7.0/toolchain/arm/arm-gnu-toolchain/bin/../lib/gcc/arm-none-eabi/6.3.1/../../../../arm-none-eabi/lib/thumb/v6-m\libc_nano.a(lib_a-fstatr.o)
 .ARM.attributes
                0x00000aa2       0x2c d:/altem studio/7.0/toolchain/arm/arm-gnu-toolchain/bin/../lib/gcc/arm-none-eabi/6.3.1/../../../../arm-none-eabi/lib/thumb/v6-m\libc_nano.a(lib_a-lseekr.o)
 .ARM.attributes
                0x00000ace       0x2c d:/altem studio/7.0/toolchain/arm/arm-gnu-toolchain/bin/../lib/gcc/arm-none-eabi/6.3.1/../../../../arm-none-eabi/lib/thumb/v6-m\libc_nano.a(lib_a-readr.o)
 .ARM.attributes
                0x00000afa       0x1e d:/altem studio/7.0/toolchain/arm/arm-gnu-toolchain/bin/../lib/gcc/arm-none-eabi/6.3.1/thumb/v6-m/crtn.o

.comment        0x00000000       0x59
 .comment       0x00000000       0x59 src/ASF/common2/services/delay/sam0/systick_counter.o
                                 0x5a (size before relaxing)
 .comment       0x00000059       0x5a src/Systick/Systick.o
 .comment       0x00000059       0x5a src/ASF/sam0/boards/board_init.o
 .comment       0x00000059       0x5a src/ASF/sam0/drivers/nvm/nvm.o
 .comment       0x00000059       0x5a src/SD Card/SdCard.o
 .comment       0x00000059       0x5a src/SerialConsole/circular_buffer.o
 .comment       0x00000059       0x5a src/SerialConsole/SerialConsole.o
 .comment       0x00000059       0x5a src/ASF/common2/components/memory/sd_mmc/sd_mmc.o
 .comment       0x00000059       0x5a src/ASF/common2/components/memory/sd_mmc/sd_mmc_mem.o
 .comment       0x00000059       0x5a src/ASF/common2/components/memory/sd_mmc/sd_mmc_spi.o
 .comment       0x00000059       0x5a src/ASF/common/services/storage/ctrl_access/ctrl_access.o
 .comment       0x00000059       0x5a src/ASF/common/utils/interrupt/interrupt_sam_nvic.o
 .comment       0x00000059       0x5a src/ASF/sam0/drivers/port/port.o
 .comment       0x00000059       0x5a src/ASF/sam0/drivers/rtc/rtc_sam_d_r_h/rtc_calendar.o
 .comment       0x00000059       0x5a src/ASF/sam0/drivers/sercom/sercom.o
 .comment       0x00000059       0x5a src/ASF/sam0/drivers/sercom/sercom_interrupt.o
 .comment       0x00000059       0x5a src/ASF/sam0/drivers/sercom/spi/spi.o
 .comment       0x00000059       0x5a src/ASF/sam0/drivers/sercom/spi/spi_interrupt.o
 .comment       0x00000059       0x5a src/ASF/sam0/drivers/sercom/usart/usart.o
 .comment       0x00000059       0x5a src/ASF/sam0/drivers/sercom/usart/usart_interrupt.o
 .comment       0x00000059       0x5a src/ASF/sam0/drivers/system/clock/clock_samd21_r21_da_ha1/clock.o
 .comment       0x00000059       0x5a src/ASF/sam0/drivers/system/clock/clock_samd21_r21_da_ha1/gclk.o
 .comment       0x00000059       0x5a src/ASF/sam0/drivers/system/pinmux/pinmux.o
 .comment       0x00000059       0x5a src/ASF/sam0/drivers/system/system.o
 .comment       0x00000059       0x5a src/ASF/sam0/utils/cmsis/samd21/source/gcc/startup_samd21.o
 .comment       0x00000059       0x5a src/ASF/sam0/utils/stdio/read.o
 .comment       0x00000059       0x5a src/ASF/sam0/utils/stdio/write.o
 .comment       0x00000059       0x5a src/ASF/sam0/utils/syscalls/gcc/syscalls.o
 .comment       0x00000059       0x5a src/ASF/thirdparty/fatfs/fatfs-port-r0.09/diskio.o
 .comment       0x00000059       0x5a src/ASF/thirdparty/fatfs/fatfs-port-r0.09/sam0/fattime_rtc.o
 .comment       0x00000059       0x5a src/ASF/thirdparty/fatfs/fatfs-r0.09/src/ff.o
 .comment       0x00000059       0x5a src/ASF/thirdparty/fatfs/fatfs-r0.09/src/option/ccsbcs.o
 .comment       0x00000059       0x5a src/BootMain.o

.debug_info     0x00000000    0x4797e
 .debug_info    0x00000000      0xb8d src/ASF/common2/services/delay/sam0/systick_counter.o
 .debug_info    0x00000b8d      0xf2f src/Systick/Systick.o
 .debug_info    0x00001abc     0x12ad src/ASF/sam0/boards/board_init.o
 .debug_info    0x00002d69     0x2622 src/ASF/sam0/drivers/nvm/nvm.o
 .debug_info    0x0000538b      0xb81 src/SD Card/SdCard.o
 .debug_info    0x00005f0c      0xd6e src/SerialConsole/circular_buffer.o
 .debug_info    0x00006c7a     0x3acd src/SerialConsole/SerialConsole.o
 .debug_info    0x0000a747     0x1eac src/ASF/common2/components/memory/sd_mmc/sd_mmc.o
 .debug_info    0x0000c5f3     0x1180 src/ASF/common2/components/memory/sd_mmc/sd_mmc_mem.o
 .debug_info    0x0000d773     0x47f9 src/ASF/common2/components/memory/sd_mmc/sd_mmc_spi.o
 .debug_info    0x00011f6c      0xf2a src/ASF/common/services/storage/ctrl_access/ctrl_access.o
 .debug_info    0x00012e96      0xb07 src/ASF/common/utils/interrupt/interrupt_sam_nvic.o
 .debug_info    0x0001399d     0x12b6 src/ASF/sam0/drivers/port/port.o
 .debug_info    0x00014c53     0x3335 src/ASF/sam0/drivers/rtc/rtc_sam_d_r_h/rtc_calendar.o
 .debug_info    0x00017f88     0x2dd3 src/ASF/sam0/drivers/sercom/sercom.o
 .debug_info    0x0001ad5b     0x2bcf src/ASF/sam0/drivers/sercom/sercom_interrupt.o
 .debug_info    0x0001d92a     0x5ee5 src/ASF/sam0/drivers/sercom/spi/spi.o
 .debug_info    0x0002380f     0x31a3 src/ASF/sam0/drivers/sercom/spi/spi_interrupt.o
 .debug_info    0x000269b2     0x4ab0 src/ASF/sam0/drivers/sercom/usart/usart.o
 .debug_info    0x0002b462     0x3048 src/ASF/sam0/drivers/sercom/usart/usart_interrupt.o
 .debug_info    0x0002e4aa     0x39d4 src/ASF/sam0/drivers/system/clock/clock_samd21_r21_da_ha1/clock.o
 .debug_info    0x00031e7e     0x1ec7 src/ASF/sam0/drivers/system/clock/clock_samd21_r21_da_ha1/gclk.o
 .debug_info    0x00033d45     0x13f3 src/ASF/sam0/drivers/system/pinmux/pinmux.o
 .debug_info    0x00035138      0xa73 src/ASF/sam0/drivers/system/system.o
 .debug_info    0x00035bab     0x3a3f src/ASF/sam0/utils/cmsis/samd21/source/gcc/startup_samd21.o
 .debug_info    0x000395ea      0xacf src/ASF/sam0/utils/stdio/read.o
 .debug_info    0x0003a0b9      0xacc src/ASF/sam0/utils/stdio/write.o
 .debug_info    0x0003ab85      0xd98 src/ASF/sam0/utils/syscalls/gcc/syscalls.o
 .debug_info    0x0003b91d     0x2552 src/ASF/thirdparty/fatfs/fatfs-port-r0.09/diskio.o
 .debug_info    0x0003de6f     0x1f26 src/ASF/thirdparty/fatfs/fatfs-port-r0.09/sam0/fattime_rtc.o
 .debug_info    0x0003fd95     0x3408 src/ASF/thirdparty/fatfs/fatfs-r0.09/src/ff.o
 .debug_info    0x0004319d      0x16d src/ASF/thirdparty/fatfs/fatfs-r0.09/src/option/ccsbcs.o
 .debug_info    0x0004330a     0x4674 src/BootMain.o

.debug_abbrev   0x00000000     0x6bbd
 .debug_abbrev  0x00000000      0x24b src/ASF/common2/services/delay/sam0/systick_counter.o
 .debug_abbrev  0x0000024b      0x283 src/Systick/Systick.o
 .debug_abbrev  0x000004ce      0x2dc src/ASF/sam0/boards/board_init.o
 .debug_abbrev  0x000007aa      0x491 src/ASF/sam0/drivers/nvm/nvm.o
 .debug_abbrev  0x00000c3b      0x21b src/SD Card/SdCard.o
 .debug_abbrev  0x00000e56      0x2db src/SerialConsole/circular_buffer.o
 .debug_abbrev  0x00001131      0x4e7 src/SerialConsole/SerialConsole.o
 .debug_abbrev  0x00001618      0x3e4 src/ASF/common2/components/memory/sd_mmc/sd_mmc.o
 .debug_abbrev  0x000019fc      0x2fd src/ASF/common2/components/memory/sd_mmc/sd_mmc_mem.o
 .debug_abbrev  0x00001cf9      0x51b src/ASF/common2/components/memory/sd_mmc/sd_mmc_spi.o
 .debug_abbrev  0x00002214      0x29f src/ASF/common/services/storage/ctrl_access/ctrl_access.o
 .debug_abbrev  0x000024b3      0x22c src/ASF/common/utils/interrupt/interrupt_sam_nvic.o
 .debug_abbrev  0x000026df      0x298 src/ASF/sam0/drivers/port/port.o
 .debug_abbrev  0x00002977      0x4c8 src/ASF/sam0/drivers/rtc/rtc_sam_d_r_h/rtc_calendar.o
 .debug_abbrev  0x00002e3f      0x378 src/ASF/sam0/drivers/sercom/sercom.o
 .debug_abbrev  0x000031b7      0x2d8 src/ASF/sam0/drivers/sercom/sercom_interrupt.o
 .debug_abbrev  0x0000348f      0x510 src/ASF/sam0/drivers/sercom/spi/spi.o
 .debug_abbrev  0x0000399f      0x3fd src/ASF/sam0/drivers/sercom/spi/spi_interrupt.o
 .debug_abbrev  0x00003d9c      0x488 src/ASF/sam0/drivers/sercom/usart/usart.o
 .debug_abbrev  0x00004224      0x416 src/ASF/sam0/drivers/sercom/usart/usart_interrupt.o
 .debug_abbrev  0x0000463a      0x493 src/ASF/sam0/drivers/system/clock/clock_samd21_r21_da_ha1/clock.o
 .debug_abbrev  0x00004acd      0x40d src/ASF/sam0/drivers/system/clock/clock_samd21_r21_da_ha1/gclk.o
 .debug_abbrev  0x00004eda      0x361 src/ASF/sam0/drivers/system/pinmux/pinmux.o
 .debug_abbrev  0x0000523b      0x1e1 src/ASF/sam0/drivers/system/system.o
 .debug_abbrev  0x0000541c      0x234 src/ASF/sam0/utils/cmsis/samd21/source/gcc/startup_samd21.o
 .debug_abbrev  0x00005650      0x218 src/ASF/sam0/utils/stdio/read.o
 .debug_abbrev  0x00005868      0x203 src/ASF/sam0/utils/stdio/write.o
 .debug_abbrev  0x00005a6b      0x257 src/ASF/sam0/utils/syscalls/gcc/syscalls.o
 .debug_abbrev  0x00005cc2      0x400 src/ASF/thirdparty/fatfs/fatfs-port-r0.09/diskio.o
 .debug_abbrev  0x000060c2      0x260 src/ASF/thirdparty/fatfs/fatfs-port-r0.09/sam0/fattime_rtc.o
 .debug_abbrev  0x00006322      0x361 src/ASF/thirdparty/fatfs/fatfs-r0.09/src/ff.o
 .debug_abbrev  0x00006683       0xc7 src/ASF/thirdparty/fatfs/fatfs-r0.09/src/option/ccsbcs.o
 .debug_abbrev  0x0000674a      0x473 src/BootMain.o

.debug_loc      0x00000000    0x10876
 .debug_loc     0x00000000       0xe4 src/ASF/common2/services/delay/sam0/systick_counter.o
 .debug_loc     0x000000e4       0x5e src/Systick/Systick.o
 .debug_loc     0x00000142       0x8a src/ASF/sam0/boards/board_init.o
 .debug_loc     0x000001cc     0x10c4 src/ASF/sam0/drivers/nvm/nvm.o
 .debug_loc     0x00001290       0x7d src/SD Card/SdCard.o
 .debug_loc     0x0000130d      0x387 src/SerialConsole/circular_buffer.o
 .debug_loc     0x00001694      0x40b src/SerialConsole/SerialConsole.o
 .debug_loc     0x00001a9f      0xf94 src/ASF/common2/components/memory/sd_mmc/sd_mmc.o
 .debug_loc     0x00002a33      0x615 src/ASF/common2/components/memory/sd_mmc/sd_mmc_mem.o
 .debug_loc     0x00003048      0x98f src/ASF/common2/components/memory/sd_mmc/sd_mmc_spi.o
 .debug_loc     0x000039d7      0x4a8 src/ASF/common/services/storage/ctrl_access/ctrl_access.o
 .debug_loc     0x00003e7f      0x13d src/ASF/sam0/drivers/port/port.o
 .debug_loc     0x00003fbc      0x945 src/ASF/sam0/drivers/rtc/rtc_sam_d_r_h/rtc_calendar.o
 .debug_loc     0x00004901      0x9d5 src/ASF/sam0/drivers/sercom/sercom.o
 .debug_loc     0x000052d6      0x161 src/ASF/sam0/drivers/sercom/sercom_interrupt.o
 .debug_loc     0x00005437     0x19c3 src/ASF/sam0/drivers/sercom/spi/spi.o
 .debug_loc     0x00006dfa      0x632 src/ASF/sam0/drivers/sercom/spi/spi_interrupt.o
 .debug_loc     0x0000742c      0xe2f src/ASF/sam0/drivers/sercom/usart/usart.o
 .debug_loc     0x0000825b      0x711 src/ASF/sam0/drivers/sercom/usart/usart_interrupt.o
 .debug_loc     0x0000896c      0xf7d src/ASF/sam0/drivers/system/clock/clock_samd21_r21_da_ha1/clock.o
 .debug_loc     0x000098e9      0x504 src/ASF/sam0/drivers/system/clock/clock_samd21_r21_da_ha1/gclk.o
 .debug_loc     0x00009ded      0x36d src/ASF/sam0/drivers/system/pinmux/pinmux.o
 .debug_loc     0x0000a15a       0x20 src/ASF/sam0/drivers/system/system.o
 .debug_loc     0x0000a17a       0x40 src/ASF/sam0/utils/cmsis/samd21/source/gcc/startup_samd21.o
 .debug_loc     0x0000a1ba       0xca src/ASF/sam0/utils/stdio/read.o
 .debug_loc     0x0000a284      0x130 src/ASF/sam0/utils/stdio/write.o
 .debug_loc     0x0000a3b4       0xef src/ASF/sam0/utils/syscalls/gcc/syscalls.o
 .debug_loc     0x0000a4a3      0x645 src/ASF/thirdparty/fatfs/fatfs-port-r0.09/diskio.o
 .debug_loc     0x0000aae8       0x2c src/ASF/thirdparty/fatfs/fatfs-port-r0.09/sam0/fattime_rtc.o
 .debug_loc     0x0000ab14     0x5a94 src/ASF/thirdparty/fatfs/fatfs-r0.09/src/ff.o
 .debug_loc     0x000105a8      0x109 src/ASF/thirdparty/fatfs/fatfs-r0.09/src/option/ccsbcs.o
 .debug_loc     0x000106b1      0x1c5 src/BootMain.o

.debug_aranges  0x00000000      0xb88
 .debug_aranges
                0x00000000       0x30 src/ASF/common2/services/delay/sam0/systick_counter.o
 .debug_aranges
                0x00000030       0x30 src/Systick/Systick.o
 .debug_aranges
                0x00000060       0x20 src/ASF/sam0/boards/board_init.o
 .debug_aranges
                0x00000080       0x68 src/ASF/sam0/drivers/nvm/nvm.o
 .debug_aranges
                0x000000e8       0x20 src/SD Card/SdCard.o
 .debug_aranges
                0x00000108       0x70 src/SerialConsole/circular_buffer.o
 .debug_aranges
                0x00000178       0x70 src/SerialConsole/SerialConsole.o
 .debug_aranges
                0x000001e8       0xa8 src/ASF/common2/components/memory/sd_mmc/sd_mmc.o
 .debug_aranges
                0x00000290       0xc0 src/ASF/common2/components/memory/sd_mmc/sd_mmc_mem.o
 .debug_aranges
                0x00000350       0xb8 src/ASF/common2/components/memory/sd_mmc/sd_mmc_spi.o
 .debug_aranges
                0x00000408       0x70 src/ASF/common/services/storage/ctrl_access/ctrl_access.o
 .debug_aranges
                0x00000478       0x28 src/ASF/common/utils/interrupt/interrupt_sam_nvic.o
 .debug_aranges
                0x000004a0       0x28 src/ASF/sam0/drivers/port/port.o
 .debug_aranges
                0x000004c8       0x78 src/ASF/sam0/drivers/rtc/rtc_sam_d_r_h/rtc_calendar.o
 .debug_aranges
                0x00000540       0x48 src/ASF/sam0/drivers/sercom/sercom.o
 .debug_aranges
                0x00000588       0x60 src/ASF/sam0/drivers/sercom/sercom_interrupt.o
 .debug_aranges
                0x000005e8       0x58 src/ASF/sam0/drivers/sercom/spi/spi.o
 .debug_aranges
                0x00000640       0x50 src/ASF/sam0/drivers/sercom/spi/spi_interrupt.o
 .debug_aranges
                0x00000690       0x40 src/ASF/sam0/drivers/sercom/usart/usart.o
 .debug_aranges
                0x000006d0       0x70 src/ASF/sam0/drivers/sercom/usart/usart_interrupt.o
 .debug_aranges
                0x00000740       0x78 src/ASF/sam0/drivers/system/clock/clock_samd21_r21_da_ha1/clock.o
 .debug_aranges
                0x000007b8       0x80 src/ASF/sam0/drivers/system/clock/clock_samd21_r21_da_ha1/gclk.o
 .debug_aranges
                0x00000838       0x40 src/ASF/sam0/drivers/system/pinmux/pinmux.o
 .debug_aranges
                0x00000878       0x28 src/ASF/sam0/drivers/system/system.o
 .debug_aranges
                0x000008a0       0x28 src/ASF/sam0/utils/cmsis/samd21/source/gcc/startup_samd21.o
 .debug_aranges
                0x000008c8       0x20 src/ASF/sam0/utils/stdio/read.o
 .debug_aranges
                0x000008e8       0x20 src/ASF/sam0/utils/stdio/write.o
 .debug_aranges
                0x00000908       0x60 src/ASF/sam0/utils/syscalls/gcc/syscalls.o
 .debug_aranges
                0x00000968       0x40 src/ASF/thirdparty/fatfs/fatfs-port-r0.09/diskio.o
 .debug_aranges
                0x000009a8       0x20 src/ASF/thirdparty/fatfs/fatfs-port-r0.09/sam0/fattime_rtc.o
 .debug_aranges
                0x000009c8      0x170 src/ASF/thirdparty/fatfs/fatfs-r0.09/src/ff.o
 .debug_aranges
                0x00000b38       0x28 src/ASF/thirdparty/fatfs/fatfs-r0.09/src/option/ccsbcs.o
 .debug_aranges
                0x00000b60       0x28 src/BootMain.o

.debug_ranges   0x00000000     0x10b8
 .debug_ranges  0x00000000       0x50 src/ASF/common2/services/delay/sam0/systick_counter.o
 .debug_ranges  0x00000050       0x20 src/Systick/Systick.o
 .debug_ranges  0x00000070       0x10 src/ASF/sam0/boards/board_init.o
 .debug_ranges  0x00000080      0x118 src/ASF/sam0/drivers/nvm/nvm.o
 .debug_ranges  0x00000198       0x10 src/SD Card/SdCard.o
 .debug_ranges  0x000001a8       0x60 src/SerialConsole/circular_buffer.o
 .debug_ranges  0x00000208       0x60 src/SerialConsole/SerialConsole.o
 .debug_ranges  0x00000268      0x1d8 src/ASF/common2/components/memory/sd_mmc/sd_mmc.o
 .debug_ranges  0x00000440       0xb0 src/ASF/common2/components/memory/sd_mmc/sd_mmc_mem.o
 .debug_ranges  0x000004f0       0xa8 src/ASF/common2/components/memory/sd_mmc/sd_mmc_spi.o
 .debug_ranges  0x00000598       0x60 src/ASF/common/services/storage/ctrl_access/ctrl_access.o
 .debug_ranges  0x000005f8       0x18 src/ASF/common/utils/interrupt/interrupt_sam_nvic.o
 .debug_ranges  0x00000610       0x18 src/ASF/sam0/drivers/port/port.o
 .debug_ranges  0x00000628       0xb0 src/ASF/sam0/drivers/rtc/rtc_sam_d_r_h/rtc_calendar.o
 .debug_ranges  0x000006d8       0x50 src/ASF/sam0/drivers/sercom/sercom.o
 .debug_ranges  0x00000728       0x50 src/ASF/sam0/drivers/sercom/sercom_interrupt.o
 .debug_ranges  0x00000778      0x240 src/ASF/sam0/drivers/sercom/spi/spi.o
 .debug_ranges  0x000009b8       0xb8 src/ASF/sam0/drivers/sercom/spi/spi_interrupt.o
 .debug_ranges  0x00000a70      0x140 src/ASF/sam0/drivers/sercom/usart/usart.o
 .debug_ranges  0x00000bb0       0x60 src/ASF/sam0/drivers/sercom/usart/usart_interrupt.o
 .debug_ranges  0x00000c10       0x68 src/ASF/sam0/drivers/system/clock/clock_samd21_r21_da_ha1/clock.o
 .debug_ranges  0x00000c78       0x88 src/ASF/sam0/drivers/system/clock/clock_samd21_r21_da_ha1/gclk.o
 .debug_ranges  0x00000d00       0x30 src/ASF/sam0/drivers/system/pinmux/pinmux.o
 .debug_ranges  0x00000d30       0x18 src/ASF/sam0/drivers/system/system.o
 .debug_ranges  0x00000d48       0x18 src/ASF/sam0/utils/cmsis/samd21/source/gcc/startup_samd21.o
 .debug_ranges  0x00000d60       0x10 src/ASF/sam0/utils/stdio/read.o
 .debug_ranges  0x00000d70       0x10 src/ASF/sam0/utils/stdio/write.o
 .debug_ranges  0x00000d80       0x50 src/ASF/sam0/utils/syscalls/gcc/syscalls.o
 .debug_ranges  0x00000dd0       0x30 src/ASF/thirdparty/fatfs/fatfs-port-r0.09/diskio.o
 .debug_ranges  0x00000e00       0x10 src/ASF/thirdparty/fatfs/fatfs-port-r0.09/sam0/fattime_rtc.o
 .debug_ranges  0x00000e10      0x260 src/ASF/thirdparty/fatfs/fatfs-r0.09/src/ff.o
 .debug_ranges  0x00001070       0x18 src/ASF/thirdparty/fatfs/fatfs-r0.09/src/option/ccsbcs.o
 .debug_ranges  0x00001088       0x30 src/BootMain.o

.debug_macro    0x00000000    0x20e26
 .debug_macro   0x00000000      0x539 src/ASF/common2/services/delay/sam0/systick_counter.o
 .debug_macro   0x00000539      0x8d4 src/ASF/common2/services/delay/sam0/systick_counter.o
 .debug_macro   0x00000e0d      0x16d src/ASF/common2/services/delay/sam0/systick_counter.o
 .debug_macro   0x00000f7a      0x6d7 src/ASF/common2/services/delay/sam0/systick_counter.o
 .debug_macro   0x00001651       0x22 src/ASF/common2/services/delay/sam0/systick_counter.o
 .debug_macro   0x00001673       0x87 src/ASF/common2/services/delay/sam0/systick_counter.o
 .debug_macro   0x000016fa       0x51 src/ASF/common2/services/delay/sam0/systick_counter.o
 .debug_macro   0x0000174b       0xef src/ASF/common2/services/delay/sam0/systick_counter.o
 .debug_macro   0x0000183a       0x6a src/ASF/common2/services/delay/sam0/systick_counter.o
 .debug_macro   0x000018a4      0x1df src/ASF/common2/services/delay/sam0/systick_counter.o
 .debug_macro   0x00001a83       0x10 src/ASF/common2/services/delay/sam0/systick_counter.o
 .debug_macro   0x00001a93       0x76 src/ASF/common2/services/delay/sam0/systick_counter.o
 .debug_macro   0x00001b09       0x16 src/ASF/common2/services/delay/sam0/systick_counter.o
 .debug_macro   0x00001b1f      0x6db src/ASF/common2/services/delay/sam0/systick_counter.o
 .debug_macro   0x000021fa      0xdd8 src/ASF/common2/services/delay/sam0/systick_counter.o
 .debug_macro   0x00002fd2       0x22 src/ASF/common2/services/delay/sam0/systick_counter.o
 .debug_macro   0x00002ff4       0x40 src/ASF/common2/services/delay/sam0/systick_counter.o
 .debug_macro   0x00003034       0x3a src/ASF/common2/services/delay/sam0/systick_counter.o
 .debug_macro   0x0000306e       0x1f src/ASF/common2/services/delay/sam0/systick_counter.o
 .debug_macro   0x0000308d      0x250 src/ASF/common2/services/delay/sam0/systick_counter.o
 .debug_macro   0x000032dd      0x681 src/ASF/common2/services/delay/sam0/systick_counter.o
 .debug_macro   0x0000395e      0x8b5 src/ASF/common2/services/delay/sam0/systick_counter.o
 .debug_macro   0x00004213      0x230 src/ASF/common2/services/delay/sam0/systick_counter.o
 .debug_macro   0x00004443      0xd60 src/ASF/common2/services/delay/sam0/systick_counter.o
 .debug_macro   0x000051a3      0x4cb src/ASF/common2/services/delay/sam0/systick_counter.o
 .debug_macro   0x0000566e      0x9f8 src/ASF/common2/services/delay/sam0/systick_counter.o
 .debug_macro   0x00006066      0x82b src/ASF/common2/services/delay/sam0/systick_counter.o
 .debug_macro   0x00006891      0x455 src/ASF/common2/services/delay/sam0/systick_counter.o
 .debug_macro   0x00006ce6       0x5e src/ASF/common2/services/delay/sam0/systick_counter.o
 .debug_macro   0x00006d44      0x8fd src/ASF/common2/services/delay/sam0/systick_counter.o
 .debug_macro   0x00007641      0x21c src/ASF/common2/services/delay/sam0/systick_counter.o
 .debug_macro   0x0000785d      0x95b src/ASF/common2/services/delay/sam0/systick_counter.o
 .debug_macro   0x000081b8       0x5e src/ASF/common2/services/delay/sam0/systick_counter.o
 .debug_macro   0x00008216      0x667 src/ASF/common2/services/delay/sam0/systick_counter.o
 .debug_macro   0x0000887d      0x3af src/ASF/common2/services/delay/sam0/systick_counter.o
 .debug_macro   0x00008c2c      0xc7a src/ASF/common2/services/delay/sam0/systick_counter.o
 .debug_macro   0x000098a6     0x1092 src/ASF/common2/services/delay/sam0/systick_counter.o
 .debug_macro   0x0000a938      0xc4a src/ASF/common2/services/delay/sam0/systick_counter.o
 .debug_macro   0x0000b582      0x6ba src/ASF/common2/services/delay/sam0/systick_counter.o
 .debug_macro   0x0000bc3c     0x1bbf src/ASF/common2/services/delay/sam0/systick_counter.o
 .debug_macro   0x0000d7fb     0x1440 src/ASF/common2/services/delay/sam0/systick_counter.o
 .debug_macro   0x0000ec3b      0x344 src/ASF/common2/services/delay/sam0/systick_counter.o
 .debug_macro   0x0000ef7f       0x7c src/ASF/common2/services/delay/sam0/systick_counter.o
 .debug_macro   0x0000effb       0xa0 src/ASF/common2/services/delay/sam0/systick_counter.o
 .debug_macro   0x0000f09b       0x4c src/ASF/common2/services/delay/sam0/systick_counter.o
 .debug_macro   0x0000f0e7       0xca src/ASF/common2/services/delay/sam0/systick_counter.o
 .debug_macro   0x0000f1b1       0x94 src/ASF/common2/services/delay/sam0/systick_counter.o
 .debug_macro   0x0000f245       0x58 src/ASF/common2/services/delay/sam0/systick_counter.o
 .debug_macro   0x0000f29d      0x37d src/ASF/common2/services/delay/sam0/systick_counter.o
 .debug_macro   0x0000f61a       0x82 src/ASF/common2/services/delay/sam0/systick_counter.o
 .debug_macro   0x0000f69c      0x18d src/ASF/common2/services/delay/sam0/systick_counter.o
 .debug_macro   0x0000f829       0xb8 src/ASF/common2/services/delay/sam0/systick_counter.o
 .debug_macro   0x0000f8e1       0xa0 src/ASF/common2/services/delay/sam0/systick_counter.o
 .debug_macro   0x0000f981       0xb8 src/ASF/common2/services/delay/sam0/systick_counter.o
 .debug_macro   0x0000fa39       0x1c src/ASF/common2/services/delay/sam0/systick_counter.o
 .debug_macro   0x0000fa55       0x1c src/ASF/common2/services/delay/sam0/systick_counter.o
 .debug_macro   0x0000fa71       0x1c src/ASF/common2/services/delay/sam0/systick_counter.o
 .debug_macro   0x0000fa8d       0x82 src/ASF/common2/services/delay/sam0/systick_counter.o
 .debug_macro   0x0000fb0f      0x15a src/ASF/common2/services/delay/sam0/systick_counter.o
 .debug_macro   0x0000fc69       0xdc src/ASF/common2/services/delay/sam0/systick_counter.o
 .debug_macro   0x0000fd45      0x128 src/ASF/common2/services/delay/sam0/systick_counter.o
 .debug_macro   0x0000fe6d      0x128 src/ASF/common2/services/delay/sam0/systick_counter.o
 .debug_macro   0x0000ff95      0x128 src/ASF/common2/services/delay/sam0/systick_counter.o
 .debug_macro   0x000100bd      0x128 src/ASF/common2/services/delay/sam0/systick_counter.o
 .debug_macro   0x000101e5      0x128 src/ASF/common2/services/delay/sam0/systick_counter.o
 .debug_macro   0x0001030d      0x128 src/ASF/common2/services/delay/sam0/systick_counter.o
 .debug_macro   0x00010435      0x124 src/ASF/common2/services/delay/sam0/systick_counter.o
 .debug_macro   0x00010559       0xe2 src/ASF/common2/services/delay/sam0/systick_counter.o
 .debug_macro   0x0001063b       0xe2 src/ASF/common2/services/delay/sam0/systick_counter.o
 .debug_macro   0x0001071d       0xe2 src/ASF/common2/services/delay/sam0/systick_counter.o
 .debug_macro   0x000107ff      0x130 src/ASF/common2/services/delay/sam0/systick_counter.o
 .debug_macro   0x0001092f      0x106 src/ASF/common2/services/delay/sam0/systick_counter.o
 .debug_macro   0x00010a35       0xfa src/ASF/common2/services/delay/sam0/systick_counter.o
 .debug_macro   0x00010b2f      0x40f src/ASF/common2/services/delay/sam0/systick_counter.o
 .debug_macro   0x00010f3e       0x40 src/ASF/common2/services/delay/sam0/systick_counter.o
 .debug_macro   0x00010f7e      0x361 src/ASF/common2/services/delay/sam0/systick_counter.o
 .debug_macro   0x000112df     0x16e3 src/ASF/common2/services/delay/sam0/systick_counter.o
 .debug_macro   0x000129c2       0x6d src/ASF/common2/services/delay/sam0/systick_counter.o
 .debug_macro   0x00012a2f       0x58 src/ASF/common2/services/delay/sam0/systick_counter.o
 .debug_macro   0x00012a87       0x35 src/ASF/common2/services/delay/sam0/systick_counter.o
 .debug_macro   0x00012abc       0x9c src/ASF/common2/services/delay/sam0/systick_counter.o
 .debug_macro   0x00012b58       0x16 src/ASF/common2/services/delay/sam0/systick_counter.o
 .debug_macro   0x00012b6e       0x35 src/ASF/common2/services/delay/sam0/systick_counter.o
 .debug_macro   0x00012ba3      0x353 src/ASF/common2/services/delay/sam0/systick_counter.o
 .debug_macro   0x00012ef6       0x10 src/ASF/common2/services/delay/sam0/systick_counter.o
 .debug_macro   0x00012f06       0x58 src/ASF/common2/services/delay/sam0/systick_counter.o
 .debug_macro   0x00012f5e       0x1f src/ASF/common2/services/delay/sam0/systick_counter.o
 .debug_macro   0x00012f7d       0x43 src/ASF/common2/services/delay/sam0/systick_counter.o
 .debug_macro   0x00012fc0       0x20 src/ASF/common2/services/delay/sam0/systick_counter.o
 .debug_macro   0x00012fe0      0x187 src/ASF/common2/services/delay/sam0/systick_counter.o
 .debug_macro   0x00013167       0x10 src/ASF/common2/services/delay/sam0/systick_counter.o
 .debug_macro   0x00013177       0x1c src/ASF/common2/services/delay/sam0/systick_counter.o
 .debug_macro   0x00013193       0x52 src/ASF/common2/services/delay/sam0/systick_counter.o
 .debug_macro   0x000131e5       0x40 src/ASF/common2/services/delay/sam0/systick_counter.o
 .debug_macro   0x00013225       0x10 src/ASF/common2/services/delay/sam0/systick_counter.o
 .debug_macro   0x00013235       0x40 src/ASF/common2/services/delay/sam0/systick_counter.o
 .debug_macro   0x00013275       0xd7 src/ASF/common2/services/delay/sam0/systick_counter.o
 .debug_macro   0x0001334c       0x16 src/ASF/common2/services/delay/sam0/systick_counter.o
 .debug_macro   0x00013362      0x18b src/ASF/common2/services/delay/sam0/systick_counter.o
 .debug_macro   0x000134ed       0x16 src/ASF/common2/services/delay/sam0/systick_counter.o
 .debug_macro   0x00013503       0x16 src/ASF/common2/services/delay/sam0/systick_counter.o
 .debug_macro   0x00013519       0x29 src/ASF/common2/services/delay/sam0/systick_counter.o
 .debug_macro   0x00013542       0x51 src/ASF/common2/services/delay/sam0/systick_counter.o
 .debug_macro   0x00013593       0x3e src/ASF/common2/services/delay/sam0/systick_counter.o
 .debug_macro   0x000135d1      0x3df src/ASF/common2/services/delay/sam0/systick_counter.o
 .debug_macro   0x000139b0       0x11 src/ASF/common2/services/delay/sam0/systick_counter.o
 .debug_macro   0x000139c1       0x16 src/ASF/common2/services/delay/sam0/systick_counter.o
 .debug_macro   0x000139d7       0x16 src/ASF/common2/services/delay/sam0/systick_counter.o
 .debug_macro   0x000139ed      0x75a src/Systick/Systick.o
 .debug_macro   0x00014147       0x10 src/Systick/Systick.o
 .debug_macro   0x00014157       0x82 src/Systick/Systick.o
 .debug_macro   0x000141d9       0x9b src/Systick/Systick.o
 .debug_macro   0x00014274       0xe7 src/Systick/Systick.o
 .debug_macro   0x0001435b      0x2c3 src/Systick/Systick.o
 .debug_macro   0x0001461e      0x6ce src/Systick/Systick.o
 .debug_macro   0x00014cec      0x1bf src/Systick/Systick.o
 .debug_macro   0x00014eab       0x46 src/Systick/Systick.o
 .debug_macro   0x00014ef1       0x11 src/Systick/Systick.o
 .debug_macro   0x00014f02       0x18 src/Systick/Systick.o
 .debug_macro   0x00014f1a       0x16 src/Systick/Systick.o
 .debug_macro   0x00014f30       0x18 src/Systick/Systick.o
 .debug_macro   0x00014f48      0x298 src/Systick/Systick.o
 .debug_macro   0x000151e0       0x52 src/Systick/Systick.o
 .debug_macro   0x00015232       0x9a src/Systick/Systick.o
 .debug_macro   0x000152cc       0x2e src/Systick/Systick.o
 .debug_macro   0x000152fa       0xb2 src/Systick/Systick.o
 .debug_macro   0x000153ac       0x10 src/Systick/Systick.o
 .debug_macro   0x000153bc       0x2d src/Systick/Systick.o
 .debug_macro   0x000153e9       0x16 src/Systick/Systick.o
 .debug_macro   0x000153ff       0x16 src/Systick/Systick.o
 .debug_macro   0x00015415       0x2e src/Systick/Systick.o